
> social-media-client@0.1.0 test
> jest --passWithNoTests --no-coverage

node.exe : FAIL 
src/__tests__/Lo
gin.test.jsx
At line:1 char:1
+ & "C:\Program 
Files\nodejs/nod
e.exe" 
"C:\Program File
s\nodejs/node_mo
 ...
+ ~~~~~~~~~~~~~~
~~~~~~~~~~~~~~~~
~~~~~~~~~~~~~~~~
~~~~~~~~~~~~~~~~
~~~~~~~
    + CategoryI 
   nfo          
    : NotSpec   
 ified: (FAI    
L src/__tes    
ts__/Login.    
test.jsx:St    
ring) [], R    
emoteExcept    
ion
    + FullyQual 
   ifiedErrorI  
  d : NativeC   
 ommandError
 
  ΓùÅ Login 
page ΓÇ║ 
renders and can 
submit

    TestingLibra
ryElementError: 
Found a label 
with the text 
of: /Email/i, 
however no form 
control was 
found 
associated to 
that label. 
Make sure 
you're using 
the "for" 
attribute or "ar
ia-labelledby" 
attribute 
correctly.

    Ignored 
nodes: 
comments, 
script, style
    
[36m<body>[39m
      
[36m<div>[39m
        
[36m<div[39m
          [33mc
lass[39m=[32m"
container"[39m
        
[36m>[39m
          
[36m<div[39m
            [33
mclass[39m=[32
m"card"[39m
            [33
mstyle[39m=[32
m"max-width: 
520px; margin: 
24px auto;"[39m
          
[36m>[39m
            
[36m<h2[39m
              [
33mstyle[39m=[
32m"margin-top: 
0px;"[39m
            
[36m>[39m
              
[0mWelcome 
back[0m
            
[36m</h2>[39m
            
[36m<form>[39m
              
[36m<div[39m
                
[33mclass[39m=
[32m"form-row"
[39m
              
[36m>[39m
                
[36m<label>[39
m
                
  [0mEmail[0m
                
[36m</label>[3
9m
                
[36m<input[39m
                
  [33mvalue[39
m=[32m""[39m
                
[36m/>[39m
              
[36m</div>[39m
              
[36m<div[39m
                
[33mclass[39m=
[32m"form-row"
[39m
              
[36m>[39m
                
[36m<label>[39
m
                
  
[0mPassword[0m
                
[36m</label>[3
9m
                
[36m<input[39m
                
  [33mtype[39m
=[32m"password"
[39m
                
  [33mvalue[39
m=[32m""[39m
                
[36m/>[39m
              
[36m</div>[39m
              
[36m<div[39m
                
[33mstyle[39m=
[32m"display: 
flex; justify-co
ntent: 
flex-end;"[39m
              
[36m>[39m
                
[36m<button[39
m
                
  [33mclass[39
m=[32m"btn 
btn-primary 
btn-md"[39m
                
  [33mtype[39m
=[32m"submit"[
39m
                
[36m>[39m
                
  [0mLogin[0m
                
[36m</button>[
39m
              
[36m</div>[39m
            [36
m</form>[39m
            
[36m<div[39m
              [
33mstyle[39m=[
32m"margin-top: 
12px; 
border-top: 1px 
solid rgb(238, 
238, 238); 
padding-top: 
12px;"[39m
            
[36m>[39m
              
[36m<div[39m
                
[33mstyle[39m=
[32m"margin-bot
tom: 8px;"[39m
              
[36m>[39m
                
[0mOr sign in 
with[0m
              
[36m</div>[39m
              
[36m<div[39m
                
[33mstyle[39m=
[32m"display: 
flex; gap: 
8px;"[39m
              
[36m>[39m
                
[36m<button[39
m
                
  [33mclass[39
m=[32m"btn 
btn-ghost"[39m
                
  [33mtype[39m
=[32m"button"[
39m
                
[36m>[39m
                
  [0mContinue 
with Google[0m
                
[36m</button>[
39m
                
[36m<button[39
m
                
  [33mclass[39
m=[32m"btn 
btn-ghost"[39m
                
  [33mtype[39m
=[32m"button"[
39m
                
[36m>[39m
                
  [0mContinue 
with GitHub[0m
                
[36m</button>[
39m
              
[36m</div>[39m
            
[36m</div>[39m
          
[36m</div>[39m
        
[36m</div>[39m
      
[36m</div>[39m
    [36m</body>
[39m

    [0m [90m 
13 |[39m     re
nder([33m<[39m
[33mLogin[39m 
onLogin[33m=[3
9m{onLogin} [33
m/[39m[33m>[3
9m)[33m;[39m
     [90m 14 
|[39m
    [31m[1m>[
22m[39m[90m 
15 |[39m     
[36mconst[39m 
email 
[33m=[39m scre
en[33m.[39mget
ByLabelText([35
m/Email/i[39m)
[33m;[39m
     [90m    
|[39m          
                
[31m[1m^[22m
[39m
     [90m 16 
|[39m     
[36mconst[39m 
password 
[33m=[39m scre
en[33m.[39mget
ByLabelText([35
m/Password/i[39
m)[33m;[39m
     [90m 17 
|[39m     fireE
vent[33m.[39mc
hange(email[33m
,[39m { target
[33m:[39m { val
ue[33m:[39m [
32m'a@b.com'[39
m } 
})[33m;[39m
     [90m 18 
|[39m     fireE
vent[33m.[39mc
hange(password[
33m,[39m { targ
et[33m:[39m { 
value[33m:[39m
 [32m'pass'[39
m } })[33m;[39
m[0m

      at Object.
getElementError 
(node_modules/@t
esting-library/r
eact/node_module
s/@testing-libra
ry/dom/dist/conf
ig.js:37:19)
      at getAllB
yLabelText (node
_modules/@testin
g-library/react/
node_modules/@te
sting-library/do
m/dist/queries/l
abel-text.js:108
:40)
      at node_mo
dules/@testing-l
ibrary/react/nod
e_modules/@testi
ng-library/dom/d
ist/query-helper
s.js:52:17
      at node_mo
dules/@testing-l
ibrary/react/nod
e_modules/@testi
ng-library/dom/d
ist/query-helper
s.js:95:19
      at Object.
getByLabelText (
src/__tests__/Lo
gin.test.jsx:15:
26)

PASS src/compone
nts/Posts/PostCr
eate.test.jsx
PASS src/__tests
__/Feed.test.jsx
 (5.125 s)
FAIL src/__tests
__/Notifications
.test.jsx
  ΓùÅ Test 
suite failed to 
run

    Jest 
encountered an 
unexpected token

    Jest failed 
to parse a 
file. This 
happens e.g. 
when your code 
or its 
dependencies 
use 
non-standard 
JavaScript 
syntax, or when 
Jest is not 
configured to 
support such 
syntax.

    Out of the 
box Jest 
supports Babel, 
which will be 
used to 
transform your 
files into 
valid JS based 
on your Babel 
configuration.

    By default 
"node_modules" 
folder is 
ignored by 
transformers.

    Here's what 
you can do:
     ΓÇó If you 
are trying to 
use ECMAScript 
Modules, see htt
ps://jestjs.io/d
ocs/ecmascript-m
odules for how 
to enable it.
     ΓÇó If you 
are trying to 
use TypeScript, 
see https://jest
js.io/docs/getti
ng-started#using
-typescript
     ΓÇó To 
have some of 
your 
"node_modules" 
files 
transformed, 
you can specify 
a custom "transf
ormIgnorePattern
s" in your 
config.
     ΓÇó If you 
need a custom 
transformation 
specify a 
"transform" 
option in your 
config.
     ΓÇó If you 
simply want to 
mock your 
non-JS modules 
(e.g. binary 
assets) you can 
stub them out 
with the "module
NameMapper" 
config option.

    You'll find 
more details 
and examples of 
these config 
options in the 
docs:
    https://jest
js.io/docs/confi
guration
    For 
information 
about custom tra
nsformations, 
see:
    https://jest
js.io/docs/code-
transformation

    Details:

    
SyntaxError: D:\
socials\social-m
edia-app\client\
src\socket.js: 
`import` can 
only be used in 
`import()` or 
`import.meta`. 
(9:48)

    [0m [90m  
7 |[39m   
[36mif[39m ([
33m![39msocket)
 {
     [90m  8 
|[39m     
[90m// Check 
if we're in a te
st/non-browser 
environment[39m
    [31m[1m>[
22m[39m[90m  
9 |[39m     
[36mif[39m ([
36mtypeof[39m 
window 
[33m===[39m [
32m'undefined'[
39m 
[33m||[39m [3
6mtypeof[39m [
36mimport[39m 
[33m===[39m [
32m'undefined'[
39m) {
     [90m    
|[39m          
                
                
       [31m[1m
^[22m[39m
     [90m 10 
|[39m       [3
6mreturn[39m [
36mnull[39m[33
m;[39m
     [90m 11 
|[39m     }
     [90m 12 
|[39m     
[90m// Use 
Vite 
environment 
variable 
`VITE_API_URL` 
if provided. 
Default to 
relative 
`/api`.[39m[0m

    [0m [90m 
1 |[39m [36mim
port[39m [33mR
eact[39m[33m,
[39m { useEffect
[33m,[39m 
useState } 
[36mfrom[39m 
[32m'react'[39m
[33m;[39m
     [90m 2 
|[39m [36mimpo
rt[39m axios 
[36mfrom[39m 
[32m'../lib/axio
s'[39m[33m;[3
9m
    [31m[1m>[
22m[39m[90m 3 
|[39m [36mimpo
rt[39m { connec
tSocket[33m,[3
9m subscribe } 
[36mfrom[39m 
[32m'../socket'
[39m[33m;[39m
     [90m   
|[39m [31m[1m
^[22m[39m
     [90m 4 
|[39m [36mimpo
rt[39m [33mSke
leton[39m 
[36mfrom[39m 
[32m'../componen
ts/UI/Skeleton'
[39m[33m;[39m
     [90m 5 
|[39m
     [90m 6 
|[39m [36mexpo
rt[39m [36mdef
ault[39m [36mf
unction[39m [3
3mNotifications
[39m() {[0m

      at 
constructor (nod
e_modules/@babel
/parser/src/pars
e-error.ts:95:45
)
      at JSXPars
erMixin.toParseE
rror [as raise] 
(node_modules/@b
abel/parser/src/
tokenizer/index.
ts:1507:19)
      at JSXPars
erMixin.raise (n
ode_modules/@bab
el/parser/src/pa
rser/expression.
ts:1132:16)
      at JSXPars
erMixin.parseExp
rAtom (node_modu
les/@babel/parse
r/src/plugins/js
x/index.ts:583:2
2)
      at JSXPars
erMixin.parseExp
rAtom [as parseE
xprSubscripts] (
node_modules/@ba
bel/parser/src/p
arser/expression
.ts:742:23)
      at JSXPars
erMixin.parseExp
rSubscripts [as 
parseUpdate] (no
de_modules/@babe
l/parser/src/par
ser/expression.t
s:721:21)
      at JSXPars
erMixin.parseUpd
ate [as parseMay
beUnary] (node_m
odules/@babel/pa
rser/src/parser/
expression.ts:68
3:23)
      at JSXPars
erMixin.parseMay
beUnary (node_mo
dules/@babel/par
ser/src/parser/e
xpression.ts:661
:28)
      at JSXPars
erMixin.parseMay
beUnary [as pars
eMaybeUnaryOrPri
vate] (node_modu
les/@babel/parse
r/src/parser/exp
ression.ts:417:1
4)
      at JSXPars
erMixin.parseMay
beUnaryOrPrivate
 (node_modules/@
babel/parser/src
/parser/expressi
on.ts:597:12)
      at JSXPars
erMixin.parseExp
rOpBaseRightExpr
 [as parseExprOp
RightExpr] (node
_modules/@babel/
parser/src/parse
r/expression.ts:
582:21)
      at JSXPars
erMixin.parseExp
rOpRightExpr 
[as 
parseExprOp] (no
de_modules/@babe
l/parser/src/par
ser/expression.t
s:513:27)
      at JSXPars
erMixin.parseExp
rOp (node_module
s/@babel/parser/
src/parser/expre
ssion.ts:534:21)
      at JSXPars
erMixin.parseExp
rOp [as 
parseExprOps] (n
ode_modules/@bab
el/parser/src/pa
rser/expression.
ts:435:17)
      at JSXPars
erMixin.parseExp
rOps [as parseMa
ybeConditional] 
(node_modules/@b
abel/parser/src/
parser/expressio
n.ts:384:23)
      at JSXPars
erMixin.parseMay
beConditional 
[as parseMaybeAs
sign] (node_modu
les/@babel/parse
r/src/parser/exp
ression.ts:301:2
1)
      at JSXPars
erMixin.parseMay
beAssign [as par
seExpressionBase
] (node_modules/
@babel/parser/sr
c/parser/express
ion.ts:226:23)
      at parseEx
pressionBase (no
de_modules/@babe
l/parser/src/par
ser/expression.t
s:217:39)
      at JSXPars
erMixin.callback
 [as 
allowInAnd] (nod
e_modules/@babel
/parser/src/pars
er/expression.ts
:3197:16)
      at JSXPars
erMixin.allowInA
nd [as parseExpr
ession] (node_mo
dules/@babel/par
ser/src/parser/e
xpression.ts:217
:17)
      at JSXPars
erMixin.parseExp
ression [as pars
eHeaderExpressio
n] (node_modules
/@babel/parser/s
rc/parser/statem
ent.ts:922:22)
      at JSXPars
erMixin.parseHea
derExpression 
[as parseIfState
ment] (node_modu
les/@babel/parse
r/src/parser/sta
tement.ts:1091:2
2)
      at JSXPars
erMixin.parseIfS
tatement [as par
seStatementConte
nt] (node_module
s/@babel/parser/
src/parser/state
ment.ts:541:21)
      at JSXPars
erMixin.parseSta
tementContent 
[as parseStateme
ntLike] (node_mo
dules/@babel/par
ser/src/parser/s
tatement.ts:482:
17)
      at JSXPars
erMixin.parseSta
tementLike [as p
arseStatementLis
tItem] (node_mod
ules/@babel/pars
er/src/parser/st
atement.ts:431:1
7)
      at JSXPars
erMixin.parseSta
tementListItem 
[as parseBlockOr
ModuleBlockBody]
 (node_modules/@
babel/parser/src
/parser/statemen
t.ts:1444:16)
      at JSXPars
erMixin.parseBlo
ckOrModuleBlockB
ody [as 
parseBlockBody] 
(node_modules/@b
abel/parser/src/
parser/statement
.ts:1417:10)
      at JSXPars
erMixin.parseBlo
ckBody [as 
parseBlock] (nod
e_modules/@babel
/parser/src/pars
er/statement.ts:
1385:10)
      at JSXPars
erMixin.parseBlo
ck [as parseStat
ementContent] (n
ode_modules/@bab
el/parser/src/pa
rser/statement.t
s:622:21)
      at JSXPars
erMixin.parseSta
tementContent 
[as parseStateme
ntLike] (node_mo
dules/@babel/par
ser/src/parser/s
tatement.ts:482:
17)
      at JSXPars
erMixin.parseSta
tementLike [as p
arseStatementOrS
loppyAnnexBFunct
ionDeclaration] 
(node_modules/@b
abel/parser/src/
parser/statement
.ts:451:17)
      at JSXPars
erMixin.parseSta
tementOrSloppyAn
nexBFunctionDecl
aration [as pars
eIfStatement] (n
ode_modules/@bab
el/parser/src/pa
rser/statement.t
s:1094:28)
      at JSXPars
erMixin.parseIfS
tatement [as par
seStatementConte
nt] (node_module
s/@babel/parser/
src/parser/state
ment.ts:541:21)
      at JSXPars
erMixin.parseSta
tementContent 
[as parseStateme
ntLike] (node_mo
dules/@babel/par
ser/src/parser/s
tatement.ts:482:
17)
      at JSXPars
erMixin.parseSta
tementLike [as p
arseStatementLis
tItem] (node_mod
ules/@babel/pars
er/src/parser/st
atement.ts:431:1
7)
      at JSXPars
erMixin.parseSta
tementListItem 
[as parseBlockOr
ModuleBlockBody]
 (node_modules/@
babel/parser/src
/parser/statemen
t.ts:1444:16)
      at JSXPars
erMixin.parseBlo
ckOrModuleBlockB
ody [as 
parseBlockBody] 
(node_modules/@b
abel/parser/src/
parser/statement
.ts:1417:10)
      at JSXPars
erMixin.parseBlo
ckBody [as 
parseBlock] (nod
e_modules/@babel
/parser/src/pars
er/statement.ts:
1385:10)
      at JSXPars
erMixin.parseBlo
ck [as parseFunc
tionBody] (node_
modules/@babel/p
arser/src/parser
/expression.ts:2
626:24)
      at JSXPars
erMixin.parseFun
ctionBody [as pa
rseFunctionBodyA
ndFinish] (node_
modules/@babel/p
arser/src/parser
/expression.ts:2
595:10)
      at parseFu
nctionBodyAndFin
ish (node_module
s/@babel/parser/
src/parser/state
ment.ts:1695:12)
      at JSXPars
erMixin.callback
 [as withSmartMi
xTopicForbidding
Context] (node_m
odules/@babel/pa
rser/src/parser/
expression.ts:31
76:14)
      at JSXPars
erMixin.withSmar
tMixTopicForbidd
ingContext [as 
parseFunction] (
node_modules/@ba
bel/parser/src/p
arser/statement.
ts:1693:10)
      at JSXPars
erMixin.parseFun
ction [as parseF
unctionStatement
] (node_modules/
@babel/parser/sr
c/parser/stateme
nt.ts:1080:17)
      at JSXPars
erMixin.parseFun
ctionStatement 
[as parseStateme
ntContent] (node
_modules/@babel/
parser/src/parse
r/statement.ts:5
25:21)
      at JSXPars
erMixin.parseSta
tementContent 
[as parseStateme
ntLike] (node_mo
dules/@babel/par
ser/src/parser/s
tatement.ts:482:
17)
      at JSXPars
erMixin.parseSta
tementLike [as p
arseStatementLis
tItem] (node_mod
ules/@babel/pars
er/src/parser/st
atement.ts:431:1
7)
      at JSXPars
erMixin.parseSta
tementListItem (
node_modules/@ba
bel/parser/src/p
arser/statement.
ts:2635:17)
      at JSXPars
erMixin.parseExp
ortDeclaration 
[as maybeParseEx
portDeclaration]
 (node_modules/@
babel/parser/src
/parser/statemen
t.ts:2551:31)
      at JSXPars
erMixin.maybePar
seExportDeclarat
ion [as 
parseExport] (no
de_modules/@babe
l/parser/src/par
ser/statement.ts
:2432:29)
      at JSXPars
erMixin.parseExp
ort [as parseSta
tementContent] (
node_modules/@ba
bel/parser/src/p
arser/statement.
ts:649:25)
      at JSXPars
erMixin.parseSta
tementContent 
[as parseStateme
ntLike] (node_mo
dules/@babel/par
ser/src/parser/s
tatement.ts:482:
17)
      at JSXPars
erMixin.parseSta
tementLike [as p
arseModuleItem] 
(node_modules/@b
abel/parser/src/
parser/statement
.ts:419:17)
      at JSXPars
erMixin.parseMod
uleItem [as pars
eBlockOrModuleBl
ockBody] (node_m
odules/@babel/pa
rser/src/parser/
statement.ts:144
3:16)
      at JSXPars
erMixin.parseBlo
ckOrModuleBlockB
ody [as 
parseBlockBody] 
(node_modules/@b
abel/parser/src/
parser/statement
.ts:1417:10)
      at JSXPars
erMixin.parseBlo
ckBody [as 
parseProgram] (n
ode_modules/@bab
el/parser/src/pa
rser/statement.t
s:229:10)
      at JSXPars
erMixin.parsePro
gram [as 
parseTopLevel] (
node_modules/@ba
bel/parser/src/p
arser/statement.
ts:203:25)
      at JSXPars
erMixin.parseTop
Level [as 
parse] (node_mod
ules/@babel/pars
er/src/parser/in
dex.ts:88:25)
      at parse (
node_modules/@ba
bel/parser/src/i
ndex.ts:86:38)
      at parser 
(node_modules/@b
abel/core/src/pa
rser/index.ts:29
:19)
          at 
parser.next 
(<anonymous>)
      at 
normalizeFile (n
ode_modules/@bab
el/core/src/tran
sformation/norma
lize-file.ts:50:
24)
          at nor
malizeFile.next 
(<anonymous>)
      at run (no
de_modules/@babe
l/core/src/trans
formation/index.
ts:41:36)
          at 
run.next 
(<anonymous>)
      at 
transform (node_
modules/@babel/c
ore/src/transfor
m.ts:29:20)
          at 
transform.next 
(<anonymous>)
      at 
evaluateSync (no
de_modules/gensy
nc/index.js:251:
28)
      at sync (n
ode_modules/gens
ync/index.js:89:
14)
      at fn (nod
e_modules/@babel
/core/src/errors
/rewrite-stack-t
race.ts:99:14)
      at 
transformSync (n
ode_modules/@bab
el/core/src/tran
sform.ts:66:52)
      at ScriptT
ransformer.trans
formSource (node
_modules/@jest/t
ransform/build/S
criptTransformer
.js:545:31)
      at ScriptT
ransformer._tran
sformAndBuildScr
ipt (node_module
s/@jest/transfor
m/build/ScriptTr
ansformer.js:674
:40)
      at ScriptT
ransformer.trans
form (node_modul
es/@jest/transfo
rm/build/ScriptT
ransformer.js:72
6:19)
      at 
Object.require (
src/pages/Notifi
cations.jsx:3:1)
      at 
Object.require (
src/__tests__/No
tifications.test
.jsx:3:1)

FAIL src/__tests
__/Admin.test.js
x
  ΓùÅ Test 
suite failed to 
run

    Jest 
encountered an 
unexpected token

    Jest failed 
to parse a 
file. This 
happens e.g. 
when your code 
or its 
dependencies 
use 
non-standard 
JavaScript 
syntax, or when 
Jest is not 
configured to 
support such 
syntax.

    Out of the 
box Jest 
supports Babel, 
which will be 
used to 
transform your 
files into 
valid JS based 
on your Babel 
configuration.

    By default 
"node_modules" 
folder is 
ignored by 
transformers.

    Here's what 
you can do:
     ΓÇó If you 
are trying to 
use ECMAScript 
Modules, see htt
ps://jestjs.io/d
ocs/ecmascript-m
odules for how 
to enable it.
     ΓÇó If you 
are trying to 
use TypeScript, 
see https://jest
js.io/docs/getti
ng-started#using
-typescript
     ΓÇó To 
have some of 
your 
"node_modules" 
files 
transformed, 
you can specify 
a custom "transf
ormIgnorePattern
s" in your 
config.
     ΓÇó If you 
need a custom 
transformation 
specify a 
"transform" 
option in your 
config.
     ΓÇó If you 
simply want to 
mock your 
non-JS modules 
(e.g. binary 
assets) you can 
stub them out 
with the "module
NameMapper" 
config option.

    You'll find 
more details 
and examples of 
these config 
options in the 
docs:
    https://jest
js.io/docs/confi
guration
    For 
information 
about custom tra
nsformations, 
see:
    https://jest
js.io/docs/code-
transformation

    Details:

    
SyntaxError: D:\
socials\social-m
edia-app\client\
src\socket.js: 
`import` can 
only be used in 
`import()` or 
`import.meta`. 
(9:48)

    [0m [90m  
7 |[39m   
[36mif[39m ([
33m![39msocket)
 {
     [90m  8 
|[39m     
[90m// Check 
if we're in a te
st/non-browser 
environment[39m
    [31m[1m>[
22m[39m[90m  
9 |[39m     
[36mif[39m ([
36mtypeof[39m 
window 
[33m===[39m [
32m'undefined'[
39m 
[33m||[39m [3
6mtypeof[39m [
36mimport[39m 
[33m===[39m [
32m'undefined'[
39m) {
     [90m    
|[39m          
                
                
       [31m[1m
^[22m[39m
     [90m 10 
|[39m       [3
6mreturn[39m [
36mnull[39m[33
m;[39m
     [90m 11 
|[39m     }
     [90m 12 
|[39m     
[90m// Use 
Vite 
environment 
variable 
`VITE_API_URL` 
if provided. 
Default to 
relative 
`/api`.[39m[0m

    [0m [90m 
1 |[39m [36mim
port[39m [33mR
eact[39m[33m,
[39m { useEffect
[33m,[39m 
useState } 
[36mfrom[39m 
[32m'react'[39m
[33m;[39m
    [31m[1m>[
22m[39m[90m 2 
|[39m [36mimpo
rt[39m { connec
tSocket[33m,[3
9m subscribe } 
[36mfrom[39m 
[32m'../socket'
[39m[33m;[39m
     [90m   
|[39m [31m[1m
^[22m[39m
     [90m 3 
|[39m [36mimpo
rt[39m {
     [90m 4 
|[39m   fetchUs
ers[33m,[39m
     [90m 5 
|[39m   updateU
serRoles[33m,[
39m[0m

      at 
constructor (nod
e_modules/@babel
/parser/src/pars
e-error.ts:95:45
)
      at JSXPars
erMixin.toParseE
rror [as raise] 
(node_modules/@b
abel/parser/src/
tokenizer/index.
ts:1507:19)
      at JSXPars
erMixin.raise (n
ode_modules/@bab
el/parser/src/pa
rser/expression.
ts:1132:16)
      at JSXPars
erMixin.parseExp
rAtom (node_modu
les/@babel/parse
r/src/plugins/js
x/index.ts:583:2
2)
      at JSXPars
erMixin.parseExp
rAtom [as parseE
xprSubscripts] (
node_modules/@ba
bel/parser/src/p
arser/expression
.ts:742:23)
      at JSXPars
erMixin.parseExp
rSubscripts [as 
parseUpdate] (no
de_modules/@babe
l/parser/src/par
ser/expression.t
s:721:21)
      at JSXPars
erMixin.parseUpd
ate [as parseMay
beUnary] (node_m
odules/@babel/pa
rser/src/parser/
expression.ts:68
3:23)
      at JSXPars
erMixin.parseMay
beUnary (node_mo
dules/@babel/par
ser/src/parser/e
xpression.ts:661
:28)
      at JSXPars
erMixin.parseMay
beUnary [as pars
eMaybeUnaryOrPri
vate] (node_modu
les/@babel/parse
r/src/parser/exp
ression.ts:417:1
4)
      at JSXPars
erMixin.parseMay
beUnaryOrPrivate
 (node_modules/@
babel/parser/src
/parser/expressi
on.ts:597:12)
      at JSXPars
erMixin.parseExp
rOpBaseRightExpr
 [as parseExprOp
RightExpr] (node
_modules/@babel/
parser/src/parse
r/expression.ts:
582:21)
      at JSXPars
erMixin.parseExp
rOpRightExpr 
[as 
parseExprOp] (no
de_modules/@babe
l/parser/src/par
ser/expression.t
s:513:27)
      at JSXPars
erMixin.parseExp
rOp (node_module
s/@babel/parser/
src/parser/expre
ssion.ts:534:21)
      at JSXPars
erMixin.parseExp
rOp [as 
parseExprOps] (n
ode_modules/@bab
el/parser/src/pa
rser/expression.
ts:435:17)
      at JSXPars
erMixin.parseExp
rOps [as parseMa
ybeConditional] 
(node_modules/@b
abel/parser/src/
parser/expressio
n.ts:384:23)
      at JSXPars
erMixin.parseMay
beConditional 
[as parseMaybeAs
sign] (node_modu
les/@babel/parse
r/src/parser/exp
ression.ts:301:2
1)
      at JSXPars
erMixin.parseMay
beAssign [as par
seExpressionBase
] (node_modules/
@babel/parser/sr
c/parser/express
ion.ts:226:23)
      at parseEx
pressionBase (no
de_modules/@babe
l/parser/src/par
ser/expression.t
s:217:39)
      at JSXPars
erMixin.callback
 [as 
allowInAnd] (nod
e_modules/@babel
/parser/src/pars
er/expression.ts
:3197:16)
      at JSXPars
erMixin.allowInA
nd [as parseExpr
ession] (node_mo
dules/@babel/par
ser/src/parser/e
xpression.ts:217
:17)
      at JSXPars
erMixin.parseExp
ression [as pars
eHeaderExpressio
n] (node_modules
/@babel/parser/s
rc/parser/statem
ent.ts:922:22)
      at JSXPars
erMixin.parseHea
derExpression 
[as parseIfState
ment] (node_modu
les/@babel/parse
r/src/parser/sta
tement.ts:1091:2
2)
      at JSXPars
erMixin.parseIfS
tatement [as par
seStatementConte
nt] (node_module
s/@babel/parser/
src/parser/state
ment.ts:541:21)
      at JSXPars
erMixin.parseSta
tementContent 
[as parseStateme
ntLike] (node_mo
dules/@babel/par
ser/src/parser/s
tatement.ts:482:
17)
      at JSXPars
erMixin.parseSta
tementLike [as p
arseStatementLis
tItem] (node_mod
ules/@babel/pars
er/src/parser/st
atement.ts:431:1
7)
      at JSXPars
erMixin.parseSta
tementListItem 
[as parseBlockOr
ModuleBlockBody]
 (node_modules/@
babel/parser/src
/parser/statemen
t.ts:1444:16)
      at JSXPars
erMixin.parseBlo
ckOrModuleBlockB
ody [as 
parseBlockBody] 
(node_modules/@b
abel/parser/src/
parser/statement
.ts:1417:10)
      at JSXPars
erMixin.parseBlo
ckBody [as 
parseBlock] (nod
e_modules/@babel
/parser/src/pars
er/statement.ts:
1385:10)
      at JSXPars
erMixin.parseBlo
ck [as parseStat
ementContent] (n
ode_modules/@bab
el/parser/src/pa
rser/statement.t
s:622:21)
      at JSXPars
erMixin.parseSta
tementContent 
[as parseStateme
ntLike] (node_mo
dules/@babel/par
ser/src/parser/s
tatement.ts:482:
17)
      at JSXPars
erMixin.parseSta
tementLike [as p
arseStatementOrS
loppyAnnexBFunct
ionDeclaration] 
(node_modules/@b
abel/parser/src/
parser/statement
.ts:451:17)
      at JSXPars
erMixin.parseSta
tementOrSloppyAn
nexBFunctionDecl
aration [as pars
eIfStatement] (n
ode_modules/@bab
el/parser/src/pa
rser/statement.t
s:1094:28)
      at JSXPars
erMixin.parseIfS
tatement [as par
seStatementConte
nt] (node_module
s/@babel/parser/
src/parser/state
ment.ts:541:21)
      at JSXPars
erMixin.parseSta
tementContent 
[as parseStateme
ntLike] (node_mo
dules/@babel/par
ser/src/parser/s
tatement.ts:482:
17)
      at JSXPars
erMixin.parseSta
tementLike [as p
arseStatementLis
tItem] (node_mod
ules/@babel/pars
er/src/parser/st
atement.ts:431:1
7)
      at JSXPars
erMixin.parseSta
tementListItem 
[as parseBlockOr
ModuleBlockBody]
 (node_modules/@
babel/parser/src
/parser/statemen
t.ts:1444:16)
      at JSXPars
erMixin.parseBlo
ckOrModuleBlockB
ody [as 
parseBlockBody] 
(node_modules/@b
abel/parser/src/
parser/statement
.ts:1417:10)
      at JSXPars
erMixin.parseBlo
ckBody [as 
parseBlock] (nod
e_modules/@babel
/parser/src/pars
er/statement.ts:
1385:10)
      at JSXPars
erMixin.parseBlo
ck [as parseFunc
tionBody] (node_
modules/@babel/p
arser/src/parser
/expression.ts:2
626:24)
      at JSXPars
erMixin.parseFun
ctionBody [as pa
rseFunctionBodyA
ndFinish] (node_
modules/@babel/p
arser/src/parser
/expression.ts:2
595:10)
      at parseFu
nctionBodyAndFin
ish (node_module
s/@babel/parser/
src/parser/state
ment.ts:1695:12)
      at JSXPars
erMixin.callback
 [as withSmartMi
xTopicForbidding
Context] (node_m
odules/@babel/pa
rser/src/parser/
expression.ts:31
76:14)
      at JSXPars
erMixin.withSmar
tMixTopicForbidd
ingContext [as 
parseFunction] (
node_modules/@ba
bel/parser/src/p
arser/statement.
ts:1693:10)
      at JSXPars
erMixin.parseFun
ction [as parseF
unctionStatement
] (node_modules/
@babel/parser/sr
c/parser/stateme
nt.ts:1080:17)
      at JSXPars
erMixin.parseFun
ctionStatement 
[as parseStateme
ntContent] (node
_modules/@babel/
parser/src/parse
r/statement.ts:5
25:21)
      at JSXPars
erMixin.parseSta
tementContent 
[as parseStateme
ntLike] (node_mo
dules/@babel/par
ser/src/parser/s
tatement.ts:482:
17)
      at JSXPars
erMixin.parseSta
tementLike [as p
arseStatementLis
tItem] (node_mod
ules/@babel/pars
er/src/parser/st
atement.ts:431:1
7)
      at JSXPars
erMixin.parseSta
tementListItem (
node_modules/@ba
bel/parser/src/p
arser/statement.
ts:2635:17)
      at JSXPars
erMixin.parseExp
ortDeclaration 
[as maybeParseEx
portDeclaration]
 (node_modules/@
babel/parser/src
/parser/statemen
t.ts:2551:31)
      at JSXPars
erMixin.maybePar
seExportDeclarat
ion [as 
parseExport] (no
de_modules/@babe
l/parser/src/par
ser/statement.ts
:2432:29)
      at JSXPars
erMixin.parseExp
ort [as parseSta
tementContent] (
node_modules/@ba
bel/parser/src/p
arser/statement.
ts:649:25)
      at JSXPars
erMixin.parseSta
tementContent 
[as parseStateme
ntLike] (node_mo
dules/@babel/par
ser/src/parser/s
tatement.ts:482:
17)
      at JSXPars
erMixin.parseSta
tementLike [as p
arseModuleItem] 
(node_modules/@b
abel/parser/src/
parser/statement
.ts:419:17)
      at JSXPars
erMixin.parseMod
uleItem [as pars
eBlockOrModuleBl
ockBody] (node_m
odules/@babel/pa
rser/src/parser/
statement.ts:144
3:16)
      at JSXPars
erMixin.parseBlo
ckOrModuleBlockB
ody [as 
parseBlockBody] 
(node_modules/@b
abel/parser/src/
parser/statement
.ts:1417:10)
      at JSXPars
erMixin.parseBlo
ckBody [as 
parseProgram] (n
ode_modules/@bab
el/parser/src/pa
rser/statement.t
s:229:10)
      at JSXPars
erMixin.parsePro
gram [as 
parseTopLevel] (
node_modules/@ba
bel/parser/src/p
arser/statement.
ts:203:25)
      at JSXPars
erMixin.parseTop
Level [as 
parse] (node_mod
ules/@babel/pars
er/src/parser/in
dex.ts:88:25)
      at parse (
node_modules/@ba
bel/parser/src/i
ndex.ts:86:38)
      at parser 
(node_modules/@b
abel/core/src/pa
rser/index.ts:29
:19)
          at 
parser.next 
(<anonymous>)
      at 
normalizeFile (n
ode_modules/@bab
el/core/src/tran
sformation/norma
lize-file.ts:50:
24)
          at nor
malizeFile.next 
(<anonymous>)
      at run (no
de_modules/@babe
l/core/src/trans
formation/index.
ts:41:36)
          at 
run.next 
(<anonymous>)
      at 
transform (node_
modules/@babel/c
ore/src/transfor
m.ts:29:20)
          at 
transform.next 
(<anonymous>)
      at 
evaluateSync (no
de_modules/gensy
nc/index.js:251:
28)
      at sync (n
ode_modules/gens
ync/index.js:89:
14)
      at fn (nod
e_modules/@babel
/core/src/errors
/rewrite-stack-t
race.ts:99:14)
      at 
transformSync (n
ode_modules/@bab
el/core/src/tran
sform.ts:66:52)
      at ScriptT
ransformer.trans
formSource (node
_modules/@jest/t
ransform/build/S
criptTransformer
.js:545:31)
      at ScriptT
ransformer._tran
sformAndBuildScr
ipt (node_module
s/@jest/transfor
m/build/ScriptTr
ansformer.js:674
:40)
      at ScriptT
ransformer.trans
form (node_modul
es/@jest/transfo
rm/build/ScriptT
ransformer.js:72
6:19)
      at 
Object.require (
src/pages/Admin.
jsx:2:1)
      at 
Object.require (
src/__tests__/Ad
min.test.jsx:3:1
)

Test Suites: 3 
failed, 2 
passed, 5 total
Tests:       1 
failed, 2 
passed, 3 total
Snapshots:   0 
total
Time:        
39.044 s
Ran all test 
suites.
