node.exe : FAIL 
tests/posts_like.test.js 
(17.104 s)
At line:1 char:1
+ & "C:\Program 
Files\nodejs/node.exe" 
"C:\Program 
Files\nodejs/node_mo ...
+ ~~~~~~~~~~~~~~~~~~~~~~~~~~~~
~~~~~~~~~~~~~~~~~~~~~~~~~~~~~~
~~~~~~~~~~~
    + CategoryInfo          : 
    NotSpecified: (FAIL test  
  s/posts_like.test.js (17.   
 104 s):String) [], Remote    
Exception
    + FullyQualifiedErrorId : 
    NativeCommandError
 
  ΓùÅ Console

    console.log
      Downloading MongoDB 
"5.0.19": 0% (0mb / 
370.7mb)[0G

      at MongoBinaryDownload.p
rintDownloadProgress (node_mod
ules/mongodb-memory-server-cor
e/src/util/MongoBinaryDownload
.ts:522:15)

    console.log
      Downloading MongoDB 
"5.0.19": 2.1% (7.7mb / 
370.7mb)[0G

      at MongoBinaryDownload.p
rintDownloadProgress (node_mod
ules/mongodb-memory-server-cor
e/src/util/MongoBinaryDownload
.ts:522:15)

    console.log
      Downloading MongoDB 
"5.0.19": 4% (14.8mb / 
370.7mb)[0G

      at MongoBinaryDownload.p
rintDownloadProgress (node_mod
ules/mongodb-memory-server-cor
e/src/util/MongoBinaryDownload
.ts:522:15)

  ΓùÅ Post like/unlike ΓÇ║ 
toggle like on a post

    thrown: "Exceeded timeout 
of 5000 ms for a hook.
    Add a timeout value to 
this test to increase the 
timeout, if this is a 
long-running test. See https:/
/jestjs.io/docs/api#testname-f
n-timeout."

    [0m [90m  5 |[39m 
[36mlet[39m app[33m;[39m
     [90m  6 |[39m
    [31m[1m>[22m[39m[90m 
 7 |[39m 
beforeAll([36masync[39m () 
[33m=>[39m {
     [90m    |[39m 
[31m[1m^[22m[39m
     [90m  8 |[39m   
[36mawait[39m 
start()[33m;[39m
     [90m  9 |[39m   app 
[33m=[39m 
createApp()[33m;[39m
     [90m 10 |[39m 
})[33m;[39m[0m

      at Object.beforeAll 
(tests/posts_like.test.js:7:1)


  ΓùÅ  Cannot log after tests 
are done. Did you forget to 
wait for something async in 
your test?
    Attempted to log 
"Downloading MongoDB 
"5.0.19": 5.3% (19.7mb / 
370.7mb)[0G".

      at console.log (node_mod
ules/@jest/console/build/Buffe
redConsole.js:156:10)
      at MongoBinaryDownload.p
rintDownloadProgress (node_mod
ules/mongodb-memory-server-cor
e/src/util/MongoBinaryDownload
.ts:522:15)
      at 
IncomingMessage.<anonymous> (n
ode_modules/mongodb-memory-ser
ver-core/src/util/MongoBinaryD
ownload.ts:484:18)


  ΓùÅ  Cannot log after tests 
are done. Did you forget to 
wait for something async in 
your test?
    Attempted to log 
"Downloading MongoDB 
"5.0.19": 6.5% (24mb / 
370.7mb)[0G".

      at console.log (node_mod
ules/@jest/console/build/Buffe
redConsole.js:156:10)
      at MongoBinaryDownload.p
rintDownloadProgress (node_mod
ules/mongodb-memory-server-cor
e/src/util/MongoBinaryDownload
.ts:522:15)
      at 
IncomingMessage.<anonymous> (n
ode_modules/mongodb-memory-ser
ver-core/src/util/MongoBinaryD
ownload.ts:484:18)


  ΓùÅ  Cannot log after tests 
are done. Did you forget to 
wait for something async in 
your test?
    Attempted to log 
"Downloading MongoDB 
"5.0.19": 7.2% (26.8mb / 
370.7mb)[0G".

      at console.log (node_mod
ules/@jest/console/build/Buffe
redConsole.js:156:10)
      at MongoBinaryDownload.p
rintDownloadProgress (node_mod
ules/mongodb-memory-server-cor
e/src/util/MongoBinaryDownload
.ts:522:15)
      at 
IncomingMessage.<anonymous> (n
ode_modules/mongodb-memory-ser
ver-core/src/util/MongoBinaryD
ownload.ts:484:18)

FAIL tests/posts.test.js 
(5.781 s)
  ΓùÅ Console

    console.log
      Downloading MongoDB 
"5.0.19": 0% (0mb / 
370.7mb)[0G

      at MongoBinaryDownload.p
rintDownloadProgress (node_mod
ules/mongodb-memory-server-cor
e/src/util/MongoBinaryDownload
.ts:522:15)

    console.log
      Downloading MongoDB 
"5.0.19": 0.7% (2.4mb / 
370.7mb)[0G

      at MongoBinaryDownload.p
rintDownloadProgress (node_mod
ules/mongodb-memory-server-cor
e/src/util/MongoBinaryDownload
.ts:522:15)

    console.log
      Downloading MongoDB 
"5.0.19": 1.9% (6.9mb / 
370.7mb)[0G

      at MongoBinaryDownload.p
rintDownloadProgress (node_mod
ules/mongodb-memory-server-cor
e/src/util/MongoBinaryDownload
.ts:522:15)

  ΓùÅ Posts ΓÇ║ create and 
get feed

    thrown: "Exceeded timeout 
of 5000 ms for a hook.
    Add a timeout value to 
this test to increase the 
timeout, if this is a 
long-running test. See https:/
/jestjs.io/docs/api#testname-f
n-timeout."

    [0m [90m  5 |[39m 
[36mlet[39m app[33m;[39m
     [90m  6 |[39m
    [31m[1m>[22m[39m[90m 
 7 |[39m 
beforeAll([36masync[39m () 
[33m=>[39m {
     [90m    |[39m 
[31m[1m^[22m[39m
     [90m  8 |[39m   
[36mawait[39m 
start()[33m;[39m
     [90m  9 |[39m   app 
[33m=[39m 
createApp()[33m;[39m
     [90m 10 |[39m 
})[33m;[39m[0m

      at Object.beforeAll 
(tests/posts.test.js:7:1)


  ΓùÅ  Cannot log after tests 
are done. Did you forget to 
wait for something async in 
your test?
    Attempted to log 
"Downloading MongoDB 
"5.0.19": 2.8% (10.5mb / 
370.7mb)[0G".

      at console.log (node_mod
ules/@jest/console/build/Buffe
redConsole.js:156:10)
      at MongoBinaryDownload.p
rintDownloadProgress (node_mod
ules/mongodb-memory-server-cor
e/src/util/MongoBinaryDownload
.ts:522:15)
      at 
IncomingMessage.<anonymous> (n
ode_modules/mongodb-memory-ser
ver-core/src/util/MongoBinaryD
ownload.ts:484:18)


  ΓùÅ  Cannot log after tests 
are done. Did you forget to 
wait for something async in 
your test?
    Attempted to log 
"Downloading MongoDB 
"5.0.19": 7.8% (28.8mb / 
370.7mb)[0G".

      at console.log (node_mod
ules/@jest/console/build/Buffe
redConsole.js:156:10)
      at MongoBinaryDownload.p
rintDownloadProgress (node_mod
ules/mongodb-memory-server-cor
e/src/util/MongoBinaryDownload
.ts:522:15)
      at 
IncomingMessage.<anonymous> (n
ode_modules/mongodb-memory-ser
ver-core/src/util/MongoBinaryD
ownload.ts:484:18)


  ΓùÅ  Cannot log after tests 
are done. Did you forget to 
wait for something async in 
your test?
    Attempted to log 
"Downloading MongoDB 
"5.0.19": 3.6% (13.3mb / 
370.7mb)[0G".

      at console.log (node_mod
ules/@jest/console/build/Buffe
redConsole.js:156:10)
      at MongoBinaryDownload.p
rintDownloadProgress (node_mod
ules/mongodb-memory-server-cor
e/src/util/MongoBinaryDownload
.ts:522:15)
      at 
IncomingMessage.<anonymous> (n
ode_modules/mongodb-memory-ser
ver-core/src/util/MongoBinaryD
ownload.ts:484:18)


  ΓùÅ  Cannot log after tests 
are done. Did you forget to 
wait for something async in 
your test?
    Attempted to log 
"Downloading MongoDB 
"5.0.19": 8.4% (31mb / 
370.7mb)[0G".

      at console.log (node_mod
ules/@jest/console/build/Buffe
redConsole.js:156:10)
      at MongoBinaryDownload.p
rintDownloadProgress (node_mod
ules/mongodb-memory-server-cor
e/src/util/MongoBinaryDownload
.ts:522:15)
      at 
IncomingMessage.<anonymous> (n
ode_modules/mongodb-memory-ser
ver-core/src/util/MongoBinaryD
ownload.ts:484:18)


  ΓùÅ  Cannot log after tests 
are done. Did you forget to 
wait for something async in 
your test?
    Attempted to log 
"Downloading MongoDB 
"5.0.19": 4% (14.8mb / 
370.7mb)[0G".

      at console.log (node_mod
ules/@jest/console/build/Buffe
redConsole.js:156:10)
      at MongoBinaryDownload.p
rintDownloadProgress (node_mod
ules/mongodb-memory-server-cor
e/src/util/MongoBinaryDownload
.ts:522:15)
      at 
IncomingMessage.<anonymous> (n
ode_modules/mongodb-memory-ser
ver-core/src/util/MongoBinaryD
ownload.ts:484:18)

FAIL tests/message.test.js 
(5.72 s)
  ΓùÅ Console

    console.log
      Downloading MongoDB 
"5.0.19": 0% (0mb / 
370.7mb)[0G

      at MongoBinaryDownload.p
rintDownloadProgress (node_mod
ules/mongodb-memory-server-cor
e/src/util/MongoBinaryDownload
.ts:522:15)

    console.log
      Downloading MongoDB 
"5.0.19": 0.9% (3.2mb / 
370.7mb)[0G

      at MongoBinaryDownload.p
rintDownloadProgress (node_mod
ules/mongodb-memory-server-cor
e/src/util/MongoBinaryDownload
.ts:522:15)

  ΓùÅ Messages API ΓÇ║ fetch 
messages between users and 
mark as read

    thrown: "Exceeded timeout 
of 5000 ms for a hook.
    Add a timeout value to 
this test to increase the 
timeout, if this is a 
long-running test. See https:/
/jestjs.io/docs/api#testname-f
n-timeout."

    [0m [90m  6 |[39m 
[36mlet[39m app[33m;[39m
     [90m  7 |[39m
    [31m[1m>[22m[39m[90m 
 8 |[39m 
beforeAll([36masync[39m () 
[33m=>[39m {
     [90m    |[39m 
[31m[1m^[22m[39m
     [90m  9 |[39m   
[36mawait[39m 
start()[33m;[39m
     [90m 10 |[39m   app 
[33m=[39m 
createApp()[33m;[39m
     [90m 11 |[39m 
})[33m;[39m[0m

      at Object.beforeAll 
(tests/message.test.js:8:1)


  ΓùÅ  Cannot log after tests 
are done. Did you forget to 
wait for something async in 
your test?
    Attempted to log 
"Downloading MongoDB 
"5.0.19": 8.7% (32.3mb / 
370.7mb)[0G".

      at console.log (node_mod
ules/@jest/console/build/Buffe
redConsole.js:156:10)
      at MongoBinaryDownload.p
rintDownloadProgress (node_mod
ules/mongodb-memory-server-cor
e/src/util/MongoBinaryDownload
.ts:522:15)
      at 
IncomingMessage.<anonymous> (n
ode_modules/mongodb-memory-ser
ver-core/src/util/MongoBinaryD
ownload.ts:484:18)


  ΓùÅ  Cannot log after tests 
are done. Did you forget to 
wait for something async in 
your test?
    Attempted to log 
"Downloading MongoDB 
"5.0.19": 2% (7.6mb / 
370.7mb)[0G".

      at console.log (node_mod
ules/@jest/console/build/Buffe
redConsole.js:156:10)
      at MongoBinaryDownload.p
rintDownloadProgress (node_mod
ules/mongodb-memory-server-cor
e/src/util/MongoBinaryDownload
.ts:522:15)
      at 
IncomingMessage.<anonymous> (n
ode_modules/mongodb-memory-ser
ver-core/src/util/MongoBinaryD
ownload.ts:484:18)


  ΓùÅ  Cannot log after tests 
are done. Did you forget to 
wait for something async in 
your test?
    Attempted to log 
"Downloading MongoDB 
"5.0.19": 4.5% (16.6mb / 
370.7mb)[0G".

      at console.log (node_mod
ules/@jest/console/build/Buffe
redConsole.js:156:10)
      at MongoBinaryDownload.p
rintDownloadProgress (node_mod
ules/mongodb-memory-server-cor
e/src/util/MongoBinaryDownload
.ts:522:15)
      at 
IncomingMessage.<anonymous> (n
ode_modules/mongodb-memory-ser
ver-core/src/util/MongoBinaryD
ownload.ts:484:18)


  ΓùÅ  Cannot log after tests 
are done. Did you forget to 
wait for something async in 
your test?
    Attempted to log 
"Downloading MongoDB 
"5.0.19": 9.1% (33.7mb / 
370.7mb)[0G".

      at console.log (node_mod
ules/@jest/console/build/Buffe
redConsole.js:156:10)
      at MongoBinaryDownload.p
rintDownloadProgress (node_mod
ules/mongodb-memory-server-cor
e/src/util/MongoBinaryDownload
.ts:522:15)
      at 
IncomingMessage.<anonymous> (n
ode_modules/mongodb-memory-ser
ver-core/src/util/MongoBinaryD
ownload.ts:484:18)


  ΓùÅ  Cannot log after tests 
are done. Did you forget to 
wait for something async in 
your test?
    Attempted to log 
"Downloading MongoDB 
"5.0.19": 3% (10.9mb / 
370.7mb)[0G".

      at console.log (node_mod
ules/@jest/console/build/Buffe
redConsole.js:156:10)
      at MongoBinaryDownload.p
rintDownloadProgress (node_mod
ules/mongodb-memory-server-cor
e/src/util/MongoBinaryDownload
.ts:522:15)
      at 
IncomingMessage.<anonymous> (n
ode_modules/mongodb-memory-ser
ver-core/src/util/MongoBinaryD
ownload.ts:484:18)


  ΓùÅ  Cannot log after tests 
are done. Did you forget to 
wait for something async in 
your test?
    Attempted to log 
"Downloading MongoDB 
"5.0.19": 4.8% (17.9mb / 
370.7mb)[0G".

      at console.log (node_mod
ules/@jest/console/build/Buffe
redConsole.js:156:10)
      at MongoBinaryDownload.p
rintDownloadProgress (node_mod
ules/mongodb-memory-server-cor
e/src/util/MongoBinaryDownload
.ts:522:15)
      at 
IncomingMessage.<anonymous> (n
ode_modules/mongodb-memory-ser
ver-core/src/util/MongoBinaryD
ownload.ts:484:18)


  ΓùÅ  Cannot log after tests 
are done. Did you forget to 
wait for something async in 
your test?
    Attempted to log 
"Downloading MongoDB 
"5.0.19": 4.8% (17.9mb / 
370.7mb)[0G".

      at console.log (node_mod
ules/@jest/console/build/Buffe
redConsole.js:156:10)
      at MongoBinaryDownload.p
rintDownloadProgress (node_mod
ules/mongodb-memory-server-cor
e/src/util/MongoBinaryDownload
.ts:522:15)
      at 
IncomingMessage.<anonymous> (n
ode_modules/mongodb-memory-ser
ver-core/src/util/MongoBinaryD
ownload.ts:484:18)


  ΓùÅ  Cannot log after tests 
are done. Did you forget to 
wait for something async in 
your test?
    Attempted to log 
"Downloading MongoDB 
"5.0.19": 0.5% (2mb / 
370.7mb)[0G".

      at console.log (node_mod
ules/@jest/console/build/Buffe
redConsole.js:156:10)
      at MongoBinaryDownload.p
rintDownloadProgress (node_mod
ules/mongodb-memory-server-cor
e/src/util/MongoBinaryDownload
.ts:522:15)
      at 
IncomingMessage.<anonymous> (n
ode_modules/mongodb-memory-ser
ver-core/src/util/MongoBinaryD
ownload.ts:484:18)


  ΓùÅ  Cannot log after tests 
are done. Did you forget to 
wait for something async in 
your test?
    Attempted to log 
"Downloading MongoDB 
"5.0.19": 9.3% (34.3mb / 
370.7mb)[0G".

      at console.log (node_mod
ules/@jest/console/build/Buffe
redConsole.js:156:10)
      at MongoBinaryDownload.p
rintDownloadProgress (node_mod
ules/mongodb-memory-server-cor
e/src/util/MongoBinaryDownload
.ts:522:15)
      at 
IncomingMessage.<anonymous> (n
ode_modules/mongodb-memory-ser
ver-core/src/util/MongoBinaryD
ownload.ts:484:18)


  ΓùÅ  Cannot log after tests 
are done. Did you forget to 
wait for something async in 
your test?
    Attempted to log 
"Downloading MongoDB 
"5.0.19": 3.2% (12mb / 
370.7mb)[0G".

      at console.log (node_mod
ules/@jest/console/build/Buffe
redConsole.js:156:10)
      at MongoBinaryDownload.p
rintDownloadProgress (node_mod
ules/mongodb-memory-server-cor
e/src/util/MongoBinaryDownload
.ts:522:15)
      at 
IncomingMessage.<anonymous> (n
ode_modules/mongodb-memory-ser
ver-core/src/util/MongoBinaryD
ownload.ts:484:18)

FAIL 
tests/notification.test.js 
(17.866 s)
  ΓùÅ Console

    console.log
      Downloading MongoDB 
"5.0.19": 0% (0mb / 
370.7mb)[0G

      at MongoBinaryDownload.p
rintDownloadProgress (node_mod
ules/mongodb-memory-server-cor
e/src/util/MongoBinaryDownload
.ts:522:15)

    console.log
      Downloading MongoDB 
"5.0.19": 0.4% (1.6mb / 
370.7mb)[0G

      at MongoBinaryDownload.p
rintDownloadProgress (node_mod
ules/mongodb-memory-server-cor
e/src/util/MongoBinaryDownload
.ts:522:15)

  ΓùÅ Notifications API ΓÇ║ 
get notifications for 
authenticated user

    thrown: "Exceeded timeout 
of 5000 ms for a hook.
    Add a timeout value to 
this test to increase the 
timeout, if this is a 
long-running test. See https:/
/jestjs.io/docs/api#testname-f
n-timeout."

    [0m [90m  6 |[39m 
[36mlet[39m app[33m;[39m
     [90m  7 |[39m
    [31m[1m>[22m[39m[90m 
 8 |[39m 
beforeAll([36masync[39m () 
[33m=>[39m {
     [90m    |[39m 
[31m[1m^[22m[39m
     [90m  9 |[39m   
[36mawait[39m 
start()[33m;[39m
     [90m 10 |[39m   app 
[33m=[39m 
createApp()[33m;[39m
     [90m 11 |[39m 
})[33m;[39m[0m

      at Object.beforeAll (tes
ts/notification.test.js:8:1)


  ΓùÅ  Cannot log after tests 
are done. Did you forget to 
wait for something async in 
your test?
    Attempted to log 
"Downloading MongoDB 
"5.0.19": 0.8% (3mb / 
370.7mb)[0G".

      at console.log (node_mod
ules/@jest/console/build/Buffe
redConsole.js:156:10)
      at MongoBinaryDownload.p
rintDownloadProgress (node_mod
ules/mongodb-memory-server-cor
e/src/util/MongoBinaryDownload
.ts:522:15)
      at 
IncomingMessage.<anonymous> (n
ode_modules/mongodb-memory-ser
ver-core/src/util/MongoBinaryD
ownload.ts:484:18)


  ΓùÅ  Cannot log after tests 
are done. Did you forget to 
wait for something async in 
your test?
    Attempted to log 
"Downloading MongoDB 
"5.0.19": 9.5% (35.2mb / 
370.7mb)[0G".

      at console.log (node_mod
ules/@jest/console/build/Buffe
redConsole.js:156:10)
      at MongoBinaryDownload.p
rintDownloadProgress (node_mod
ules/mongodb-memory-server-cor
e/src/util/MongoBinaryDownload
.ts:522:15)
      at 
IncomingMessage.<anonymous> (n
ode_modules/mongodb-memory-ser
ver-core/src/util/MongoBinaryD
ownload.ts:484:18)


  ΓùÅ  Cannot log after tests 
are done. Did you forget to 
wait for something async in 
your test?
    Attempted to log 
"Downloading MongoDB 
"5.0.19": 4% (14.9mb / 
370.7mb)[0G".

      at console.log (node_mod
ules/@jest/console/build/Buffe
redConsole.js:156:10)
      at MongoBinaryDownload.p
rintDownloadProgress (node_mod
ules/mongodb-memory-server-cor
e/src/util/MongoBinaryDownload
.ts:522:15)
      at 
IncomingMessage.<anonymous> (n
ode_modules/mongodb-memory-ser
ver-core/src/util/MongoBinaryD
ownload.ts:484:18)


  ΓùÅ  Cannot log after tests 
are done. Did you forget to 
wait for something async in 
your test?
    Attempted to log 
"Downloading MongoDB 
"5.0.19": 5.3% (19.5mb / 
370.7mb)[0G".

      at console.log (node_mod
ules/@jest/console/build/Buffe
redConsole.js:156:10)
      at MongoBinaryDownload.p
rintDownloadProgress (node_mod
ules/mongodb-memory-server-cor
e/src/util/MongoBinaryDownload
.ts:522:15)
      at 
IncomingMessage.<anonymous> (n
ode_modules/mongodb-memory-ser
ver-core/src/util/MongoBinaryD
ownload.ts:484:18)


  ΓùÅ  Cannot log after tests 
are done. Did you forget to 
wait for something async in 
your test?
    Attempted to log 
"Downloading MongoDB 
"5.0.19": 5.6% (20.9mb / 
370.7mb)[0G".

      at console.log (node_mod
ules/@jest/console/build/Buffe
redConsole.js:156:10)
      at MongoBinaryDownload.p
rintDownloadProgress (node_mod
ules/mongodb-memory-server-cor
e/src/util/MongoBinaryDownload
.ts:522:15)
      at 
IncomingMessage.<anonymous> (n
ode_modules/mongodb-memory-ser
ver-core/src/util/MongoBinaryD
ownload.ts:484:18)


  ΓùÅ  Cannot log after tests 
are done. Did you forget to 
wait for something async in 
your test?
    Attempted to log 
"Downloading MongoDB 
"5.0.19": 4.6% (17.2mb / 
370.7mb)[0G".

      at console.log (node_mod
ules/@jest/console/build/Buffe
redConsole.js:156:10)
      at MongoBinaryDownload.p
rintDownloadProgress (node_mod
ules/mongodb-memory-server-cor
e/src/util/MongoBinaryDownload
.ts:522:15)
      at 
IncomingMessage.<anonymous> (n
ode_modules/mongodb-memory-ser
ver-core/src/util/MongoBinaryD
ownload.ts:484:18)


  ΓùÅ  Cannot log after tests 
are done. Did you forget to 
wait for something async in 
your test?
    Attempted to log 
"Downloading MongoDB 
"5.0.19": 9.8% (36.5mb / 
370.7mb)[0G".

      at console.log (node_mod
ules/@jest/console/build/Buffe
redConsole.js:156:10)
      at MongoBinaryDownload.p
rintDownloadProgress (node_mod
ules/mongodb-memory-server-cor
e/src/util/MongoBinaryDownload
.ts:522:15)
      at 
IncomingMessage.<anonymous> (n
ode_modules/mongodb-memory-ser
ver-core/src/util/MongoBinaryD
ownload.ts:484:18)


  ΓùÅ  Cannot log after tests 
are done. Did you forget to 
wait for something async in 
your test?
    Attempted to log 
"Downloading MongoDB 
"5.0.19": 1.1% (4.2mb / 
370.7mb)[0G".

      at console.log (node_mod
ules/@jest/console/build/Buffe
redConsole.js:156:10)
      at MongoBinaryDownload.p
rintDownloadProgress (node_mod
ules/mongodb-memory-server-cor
e/src/util/MongoBinaryDownload
.ts:522:15)
      at 
IncomingMessage.<anonymous> (n
ode_modules/mongodb-memory-ser
ver-core/src/util/MongoBinaryD
ownload.ts:484:18)


  ΓùÅ  Cannot log after tests 
are done. Did you forget to 
wait for something async in 
your test?
    Attempted to log 
"Downloading MongoDB 
"5.0.19": 6% (22.1mb / 
370.7mb)[0G".

      at console.log (node_mod
ules/@jest/console/build/Buffe
redConsole.js:156:10)
      at MongoBinaryDownload.p
rintDownloadProgress (node_mod
ules/mongodb-memory-server-cor
e/src/util/MongoBinaryDownload
.ts:522:15)
      at 
IncomingMessage.<anonymous> (n
ode_modules/mongodb-memory-ser
ver-core/src/util/MongoBinaryD
ownload.ts:484:18)


  ΓùÅ  Cannot log after tests 
are done. Did you forget to 
wait for something async in 
your test?
    Attempted to log 
"Downloading MongoDB 
"5.0.19": 5% (18.7mb / 
370.7mb)[0G".

      at console.log (node_mod
ules/@jest/console/build/Buffe
redConsole.js:156:10)
      at MongoBinaryDownload.p
rintDownloadProgress (node_mod
ules/mongodb-memory-server-cor
e/src/util/MongoBinaryDownload
.ts:522:15)
      at 
IncomingMessage.<anonymous> (n
ode_modules/mongodb-memory-ser
ver-core/src/util/MongoBinaryD
ownload.ts:484:18)


  ΓùÅ  Cannot log after tests 
are done. Did you forget to 
wait for something async in 
your test?
    Attempted to log 
"Downloading MongoDB 
"5.0.19": 1.4% (5.3mb / 
370.7mb)[0G".

      at console.log (node_mod
ules/@jest/console/build/Buffe
redConsole.js:156:10)
      at MongoBinaryDownload.p
rintDownloadProgress (node_mod
ules/mongodb-memory-server-cor
e/src/util/MongoBinaryDownload
.ts:522:15)
      at 
IncomingMessage.<anonymous> (n
ode_modules/mongodb-memory-ser
ver-core/src/util/MongoBinaryD
ownload.ts:484:18)


  ΓùÅ  Cannot log after tests 
are done. Did you forget to 
wait for something async in 
your test?
    Attempted to log 
"Downloading MongoDB 
"5.0.19": 10.2% (37.7mb / 
370.7mb)[0G".

      at console.log (node_mod
ules/@jest/console/build/Buffe
redConsole.js:156:10)
      at MongoBinaryDownload.p
rintDownloadProgress (node_mod
ules/mongodb-memory-server-cor
e/src/util/MongoBinaryDownload
.ts:522:15)
      at 
IncomingMessage.<anonymous> (n
ode_modules/mongodb-memory-ser
ver-core/src/util/MongoBinaryD
ownload.ts:484:18)

FAIL 
tests/auth_refresh.test.js 
(6.334 s)
  ΓùÅ Console

    console.log
      Downloading MongoDB 
"5.0.19": 0% (0mb / 
370.7mb)[0G

      at MongoBinaryDownload.p
rintDownloadProgress (node_mod
ules/mongodb-memory-server-cor
e/src/util/MongoBinaryDownload
.ts:522:15)

    console.log
      Downloading MongoDB 
"5.0.19": 0.3% (1.2mb / 
370.7mb)[0G

      at MongoBinaryDownload.p
rintDownloadProgress (node_mod
ules/mongodb-memory-server-cor
e/src/util/MongoBinaryDownload
.ts:522:15)

    console.log
      Downloading MongoDB 
"5.0.19": 0.8% (3.1mb / 
370.7mb)[0G

      at MongoBinaryDownload.p
rintDownloadProgress (node_mod
ules/mongodb-memory-server-cor
e/src/util/MongoBinaryDownload
.ts:522:15)

  ΓùÅ Auth refresh and logout 
ΓÇ║ refresh token rotates and 
old token reuse is detected

    thrown: "Exceeded timeout 
of 5000 ms for a hook.
    Add a timeout value to 
this test to increase the 
timeout, if this is a 
long-running test. See https:/
/jestjs.io/docs/api#testname-f
n-timeout."

    [0m [90m  6 |[39m 
[36mlet[39m app[33m;[39m
     [90m  7 |[39m
    [31m[1m>[22m[39m[90m 
 8 |[39m 
beforeAll([36masync[39m () 
[33m=>[39m {
     [90m    |[39m 
[31m[1m^[22m[39m
     [90m  9 |[39m   
[36mawait[39m 
start()[33m;[39m
     [90m 10 |[39m   app 
[33m=[39m 
createApp()[33m;[39m
     [90m 11 |[39m 
})[33m;[39m[0m

      at Object.beforeAll (tes
ts/auth_refresh.test.js:8:1)

  ΓùÅ Auth refresh and logout 
ΓÇ║ logout removes refresh 
token

    thrown: "Exceeded timeout 
of 5000 ms for a hook.
    Add a timeout value to 
this test to increase the 
timeout, if this is a 
long-running test. See https:/
/jestjs.io/docs/api#testname-f
n-timeout."

    [0m [90m  6 |[39m 
[36mlet[39m app[33m;[39m
     [90m  7 |[39m
    [31m[1m>[22m[39m[90m 
 8 |[39m 
beforeAll([36masync[39m () 
[33m=>[39m {
     [90m    |[39m 
[31m[1m^[22m[39m
     [90m  9 |[39m   
[36mawait[39m 
start()[33m;[39m
     [90m 10 |[39m   app 
[33m=[39m 
createApp()[33m;[39m
     [90m 11 |[39m 
})[33m;[39m[0m

      at Object.beforeAll (tes
ts/auth_refresh.test.js:8:1)


  ΓùÅ  Cannot log after tests 
are done. Did you forget to 
wait for something async in 
your test?
    Attempted to log 
"Downloading MongoDB 
"5.0.19": 6.3% (23.2mb / 
370.7mb)[0G".

      at console.log (node_mod
ules/@jest/console/build/Buffe
redConsole.js:156:10)
      at MongoBinaryDownload.p
rintDownloadProgress (node_mod
ules/mongodb-memory-server-cor
e/src/util/MongoBinaryDownload
.ts:522:15)
      at 
IncomingMessage.<anonymous> (n
ode_modules/mongodb-memory-ser
ver-core/src/util/MongoBinaryD
ownload.ts:484:18)


  ΓùÅ  Cannot log after tests 
are done. Did you forget to 
wait for something async in 
your test?
    Attempted to log 
"Downloading MongoDB 
"5.0.19": 1.6% (5.9mb / 
370.7mb)[0G".

      at console.log (node_mod
ules/@jest/console/build/Buffe
redConsole.js:156:10)
      at MongoBinaryDownload.p
rintDownloadProgress (node_mod
ules/mongodb-memory-server-cor
e/src/util/MongoBinaryDownload
.ts:522:15)
      at 
IncomingMessage.<anonymous> (n
ode_modules/mongodb-memory-ser
ver-core/src/util/MongoBinaryD
ownload.ts:484:18)


  ΓùÅ  Cannot log after tests 
are done. Did you forget to 
wait for something async in 
your test?
    Attempted to log 
"Downloading MongoDB 
"5.0.19": 5.6% (20.6mb / 
370.7mb)[0G".

      at console.log (node_mod
ules/@jest/console/build/Buffe
redConsole.js:156:10)
      at MongoBinaryDownload.p
rintDownloadProgress (node_mod
ules/mongodb-memory-server-cor
e/src/util/MongoBinaryDownload
.ts:522:15)
      at 
IncomingMessage.<anonymous> (n
ode_modules/mongodb-memory-ser
ver-core/src/util/MongoBinaryD
ownload.ts:484:18)


  ΓùÅ  Cannot log after tests 
are done. Did you forget to 
wait for something async in 
your test?
    Attempted to log 
"Downloading MongoDB 
"5.0.19": 1.1% (4mb / 
370.7mb)[0G".

      at console.log (node_mod
ules/@jest/console/build/Buffe
redConsole.js:156:10)
      at MongoBinaryDownload.p
rintDownloadProgress (node_mod
ules/mongodb-memory-server-cor
e/src/util/MongoBinaryDownload
.ts:522:15)
      at 
IncomingMessage.<anonymous> (n
ode_modules/mongodb-memory-ser
ver-core/src/util/MongoBinaryD
ownload.ts:484:18)


  ΓùÅ  Cannot log after tests 
are done. Did you forget to 
wait for something async in 
your test?
    Attempted to log 
"Downloading MongoDB 
"5.0.19": 10.4% (38.4mb / 
370.7mb)[0G".

      at console.log (node_mod
ules/@jest/console/build/Buffe
redConsole.js:156:10)
      at MongoBinaryDownload.p
rintDownloadProgress (node_mod
ules/mongodb-memory-server-cor
e/src/util/MongoBinaryDownload
.ts:522:15)
      at 
IncomingMessage.<anonymous> (n
ode_modules/mongodb-memory-ser
ver-core/src/util/MongoBinaryD
ownload.ts:484:18)


  ΓùÅ  Cannot log after tests 
are done. Did you forget to 
wait for something async in 
your test?
    Attempted to log 
"Downloading MongoDB 
"5.0.19": 6.5% (24.2mb / 
370.7mb)[0G".

      at console.log (node_mod
ules/@jest/console/build/Buffe
redConsole.js:156:10)
      at MongoBinaryDownload.p
rintDownloadProgress (node_mod
ules/mongodb-memory-server-cor
e/src/util/MongoBinaryDownload
.ts:522:15)
      at 
IncomingMessage.<anonymous> (n
ode_modules/mongodb-memory-ser
ver-core/src/util/MongoBinaryD
ownload.ts:484:18)


  ΓùÅ  Cannot log after tests 
are done. Did you forget to 
wait for something async in 
your test?
    Attempted to log 
"Downloading MongoDB 
"5.0.19": 1.8% (6.8mb / 
370.7mb)[0G".

      at console.log (node_mod
ules/@jest/console/build/Buffe
redConsole.js:156:10)
      at MongoBinaryDownload.p
rintDownloadProgress (node_mod
ules/mongodb-memory-server-cor
e/src/util/MongoBinaryDownload
.ts:522:15)
      at 
IncomingMessage.<anonymous> (n
ode_modules/mongodb-memory-ser
ver-core/src/util/MongoBinaryD
ownload.ts:484:18)


  ΓùÅ  Cannot log after tests 
are done. Did you forget to 
wait for something async in 
your test?
    Attempted to log 
"Downloading MongoDB 
"5.0.19": 6% (22.4mb / 
370.7mb)[0G".

      at console.log (node_mod
ules/@jest/console/build/Buffe
redConsole.js:156:10)
      at MongoBinaryDownload.p
rintDownloadProgress (node_mod
ules/mongodb-memory-server-cor
e/src/util/MongoBinaryDownload
.ts:522:15)
      at 
IncomingMessage.<anonymous> (n
ode_modules/mongodb-memory-ser
ver-core/src/util/MongoBinaryD
ownload.ts:484:18)


  ΓùÅ  Cannot log after tests 
are done. Did you forget to 
wait for something async in 
your test?
    Attempted to log 
"Downloading MongoDB 
"5.0.19": 10.6% (39.4mb / 
370.7mb)[0G".

      at console.log (node_mod
ules/@jest/console/build/Buffe
redConsole.js:156:10)
      at MongoBinaryDownload.p
rintDownloadProgress (node_mod
ules/mongodb-memory-server-cor
e/src/util/MongoBinaryDownload
.ts:522:15)
      at 
IncomingMessage.<anonymous> (n
ode_modules/mongodb-memory-ser
ver-core/src/util/MongoBinaryD
ownload.ts:484:18)


  ΓùÅ  Cannot log after tests 
are done. Did you forget to 
wait for something async in 
your test?
    Attempted to log 
"Downloading MongoDB 
"5.0.19": 1.4% (5.3mb / 
370.7mb)[0G".

      at console.log (node_mod
ules/@jest/console/build/Buffe
redConsole.js:156:10)
      at MongoBinaryDownload.p
rintDownloadProgress (node_mod
ules/mongodb-memory-server-cor
e/src/util/MongoBinaryDownload
.ts:522:15)
      at 
IncomingMessage.<anonymous> (n
ode_modules/mongodb-memory-ser
ver-core/src/util/MongoBinaryD
ownload.ts:484:18)


  ΓùÅ  Cannot log after tests 
are done. Did you forget to 
wait for something async in 
your test?
    Attempted to log 
"Downloading MongoDB 
"5.0.19": 6.7% (24.8mb / 
370.7mb)[0G".

      at console.log (node_mod
ules/@jest/console/build/Buffe
redConsole.js:156:10)
      at MongoBinaryDownload.p
rintDownloadProgress (node_mod
ules/mongodb-memory-server-cor
e/src/util/MongoBinaryDownload
.ts:522:15)
      at 
IncomingMessage.<anonymous> (n
ode_modules/mongodb-memory-ser
ver-core/src/util/MongoBinaryD
ownload.ts:484:18)


  ΓùÅ  Cannot log after tests 
are done. Did you forget to 
wait for something async in 
your test?
    Attempted to log 
"Downloading MongoDB 
"5.0.19": 6.3% (23.4mb / 
370.7mb)[0G".

      at console.log (node_mod
ules/@jest/console/build/Buffe
redConsole.js:156:10)
      at MongoBinaryDownload.p
rintDownloadProgress (node_mod
ules/mongodb-memory-server-cor
e/src/util/MongoBinaryDownload
.ts:522:15)
      at 
IncomingMessage.<anonymous> (n
ode_modules/mongodb-memory-ser
ver-core/src/util/MongoBinaryD
ownload.ts:484:18)


  ΓùÅ  Cannot log after tests 
are done. Did you forget to 
wait for something async in 
your test?
    Attempted to log 
"Downloading MongoDB 
"5.0.19": 1.7% (6.1mb / 
370.7mb)[0G".

      at console.log (node_mod
ules/@jest/console/build/Buffe
redConsole.js:156:10)
      at MongoBinaryDownload.p
rintDownloadProgress (node_mod
ules/mongodb-memory-server-cor
e/src/util/MongoBinaryDownload
.ts:522:15)
      at 
IncomingMessage.<anonymous> (n
ode_modules/mongodb-memory-ser
ver-core/src/util/MongoBinaryD
ownload.ts:484:18)


  ΓùÅ  Cannot log after tests 
are done. Did you forget to 
wait for something async in 
your test?
    Attempted to log 
"Downloading MongoDB 
"5.0.19": 2% (7.4mb / 
370.7mb)[0G".

      at console.log (node_mod
ules/@jest/console/build/Buffe
redConsole.js:156:10)
      at MongoBinaryDownload.p
rintDownloadProgress (node_mod
ules/mongodb-memory-server-cor
e/src/util/MongoBinaryDownload
.ts:522:15)
      at 
IncomingMessage.<anonymous> (n
ode_modules/mongodb-memory-ser
ver-core/src/util/MongoBinaryD
ownload.ts:484:18)


  ΓùÅ  Cannot log after tests 
are done. Did you forget to 
wait for something async in 
your test?
    Attempted to log 
"Downloading MongoDB 
"5.0.19": 10.7% (39.8mb / 
370.7mb)[0G".

      at console.log (node_mod
ules/@jest/console/build/Buffe
redConsole.js:156:10)
      at MongoBinaryDownload.p
rintDownloadProgress (node_mod
ules/mongodb-memory-server-cor
e/src/util/MongoBinaryDownload
.ts:522:15)
      at 
IncomingMessage.<anonymous> (n
ode_modules/mongodb-memory-ser
ver-core/src/util/MongoBinaryD
ownload.ts:484:18)

FAIL tests/auth.test.js 
(6.201 s)
  ΓùÅ Console

    console.log
      Downloading MongoDB 
"5.0.19": 0% (0mb / 
370.7mb)[0G

      at MongoBinaryDownload.p
rintDownloadProgress (node_mod
ules/mongodb-memory-server-cor
e/src/util/MongoBinaryDownload
.ts:522:15)

    console.log
      Downloading MongoDB 
"5.0.19": 0.5% (2mb / 
370.7mb)[0G

      at MongoBinaryDownload.p
rintDownloadProgress (node_mod
ules/mongodb-memory-server-cor
e/src/util/MongoBinaryDownload
.ts:522:15)

    console.log
      Downloading MongoDB 
"5.0.19": 1.1% (4mb / 
370.7mb)[0G

      at MongoBinaryDownload.p
rintDownloadProgress (node_mod
ules/mongodb-memory-server-cor
e/src/util/MongoBinaryDownload
.ts:522:15)

  ΓùÅ Auth ΓÇ║ register -> 
login flow

    thrown: "Exceeded timeout 
of 5000 ms for a hook.
    Add a timeout value to 
this test to increase the 
timeout, if this is a 
long-running test. See https:/
/jestjs.io/docs/api#testname-f
n-timeout."

    [0m [90m  6 |[39m 
[36mlet[39m app[33m;[39m
     [90m  7 |[39m
    [31m[1m>[22m[39m[90m 
 8 |[39m 
beforeAll([36masync[39m () 
[33m=>[39m {
     [90m    |[39m 
[31m[1m^[22m[39m
     [90m  9 |[39m   
[36mawait[39m 
start()[33m;[39m
     [90m 10 |[39m   app 
[33m=[39m 
createApp()[33m;[39m
     [90m 11 |[39m 
})[33m;[39m[0m

      at Object.beforeAll 
(tests/auth.test.js:8:1)

----------------------------|---------|----------|---------|---------|---------------------------------
File                        | % Stmts | % Branch | % Funcs | % Lines | Uncovered Line #s               
----------------------------|---------|----------|---------|---------|---------------------------------
All files                   |   33.97 |     8.24 |       0 |   37.19 |                                 
 controllers                |   14.16 |     4.54 |       0 |   15.94 |                                 
  authController.js         |   13.41 |    13.79 |       0 |   15.49 | 11-15,19-40,45-63,68-99,104-124 
  conversationController.js |   23.07 |        0 |       0 |   27.27 | 7-35                            
  messageController.js      |    12.5 |        0 |       0 |   13.63 | 5-26,32-42                      
  notificationController.js |   14.28 |        0 |       0 |   15.15 | 4-18,23-33,38-43,48-53          
  postController.js         |   13.23 |        0 |       0 |   15.25 | 8-48,53-67,72-78,83-103         
  userController.js         |   18.18 |        0 |       0 |   18.18 | 5-18                            
 models                     |     100 |      100 |     100 |     100 |                                 
  Message.js                |     100 |      100 |     100 |     100 |                                 
  Notification.js           |     100 |      100 |     100 |     100 |                                 
  Post.js                   |     100 |      100 |     100 |     100 |                                 
  User.js                   |     100 |      100 |     100 |     100 |                                 
 routes                     |     100 |      100 |     100 |     100 |                                 
  auth.js                   |     100 |      100 |     100 |     100 |                                 
  conversations.js          |     100 |      100 |     100 |     100 |                                 
  messages.js               |     100 |      100 |     100 |     100 |                                 
  notifications.js          |     100 |      100 |     100 |     100 |                                 
  posts.js                  |     100 |      100 |     100 |     100 |                                 
  users.js                  |     100 |      100 |     100 |     100 |                                 
 utils                      |      50 |    44.44 |       0 |   54.54 |                                 
  cloudinary.js             |   33.33 |        0 |       0 |    37.5 | 13-17                           
  logger.js                 |     100 |      100 |     100 |     100 |                                 
----------------------------|---------|----------|---------|---------|---------------------------------
Jest: "global" coverage 
threshold for statements 
(70%) not met: 33.97%
Jest: "global" coverage 
threshold for branches (70%) 
not met: 8.24%
Jest: "global" coverage 
threshold for lines (70%) not 
met: 37.19%
Jest: "global" coverage 
threshold for functions (70%) 
not met: 0%
Test Suites: 6 failed, 6 total
Tests:       7 failed, 7 total
Snapshots:   0 total
Time:        59.77 s
Ran all test suites.

  ΓùÅ  Cannot log after tests 
are done. Did you forget to 
wait for something async in 
your test?
    Attempted to log "Couldnt 
download "https://fastdl.mongo
db.org/windows/mongodb-windows
-x86_64-5.0.19.zip"! 
D84C0000:error:0A000119:SSL ro
utines:tls_get_more_records:de
cryption failed or bad record 
mac:openssl\ssl\record\methods
\tls_common.c:870:
    ".

      at console.error (node_m
odules/@jest/console/build/Buf
feredConsole.js:127:10)
      at RedirectableRequest.<
anonymous> (node_modules/mongo
db-memory-server-core/src/util
/MongoBinaryDownload.ts:489:19
)
      at ClientRequest.eventHa
ndlers.<computed> (node_module
s/follow-redirects/index.js:49
:24)


  ΓùÅ  Cannot log after tests 
are done. Did you forget to 
wait for something async in 
your test?
    Attempted to log 
"Starting the 
MongoMemoryServer Instance 
failed, enable debug log for 
more information. Error:
     DownloadError: Download 
failed for url "https://fastdl
.mongodb.org/windows/mongodb-w
indows-x86_64-5.0.19.zip", 
Details:
    
D84C0000:error:0A000119:SSL ro
utines:tls_get_more_records:de
cryption failed or bad record 
mac:openssl\ssl\record\methods
\tls_common.c:870:

        at RedirectableRequest
.<anonymous> (D:\socials\socia
l-media-app\server\node_module
s\mongodb-memory-server-core\s
rc\util\MongoBinaryDownload.ts
:490:18)
        at 
RedirectableRequest.emit 
(node:events:508:28)
        at ClientRequest.event
Handlers.<computed> (D:\social
s\social-media-app\server\node
_modules\follow-redirects\inde
x.js:49:24)
        at ClientRequest.emit 
(node:events:508:28)
        at emitErrorEvent 
(node:_http_client:108:11)
        at 
TLSSocket.socketErrorListener 
(node:_http_client:575:5)
        at TLSSocket.emit 
(node:events:508:28)
        at 
TLSSocket._emitTLSError 
(node:_tls_wrap:1033:10)
        at TLSWrap.onerror 
(node:_tls_wrap:474:11) {
      url: 'https://fastdl.mon
godb.org/windows/mongodb-windo
ws-x86_64-5.0.19.zip',
      msg: 
'D84C0000:error:0A000119:SSL r
outines:tls_get_more_records:d
ecryption failed or bad 
record mac:openssl\\ssl\\recor
d\\methods\\tls_common.c:870:\
n'
    }".

      at RedirectableRequest.<
anonymous> (node_modules/mongo
db-memory-server-core/src/util
/MongoBinaryDownload.ts:490:18
)
      at ClientRequest.eventHa
ndlers.<computed> (node_module
s/follow-redirects/index.js:49
:24)
      at TLSWrap.onerror 
(node:_tls_wrap:474:11) {
        url: 'https://fastdl.m
ongodb.org/windows/mongodb-win
dows-x86_64-5.0.19.zip',
        msg: 
'D84C0000:error:0A000119:SSL r
outines:tls_get_more_records:d
ecryption failed or bad 
record mac:openssl\\ssl\\recor
d\\methods\\tls_common.c:870:\
n'
      }".
      at console.warn (node_mo
dules/@jest/console/build/Buff
eredConsole.js:191:10)
      at 
MongoMemoryServer.<anonymous> 
(node_modules/mongodb-memory-s
erver-core/src/MongoMemoryServ
er.ts:293:17)
      at node_modules/tslib/ts
lib.js:170:75
      at __awaiter (node_modul
es/tslib/tslib.js:166:16)
      at node_modules/mongodb-
memory-server-core/src/MongoMe
moryServer.ts:284:68

Jest did not exit one second 
after the test run has 
completed.

'This usually means that 
there are asynchronous 
operations that weren't 
stopped in your tests. 
Consider running Jest with 
`--detectOpenHandles` to 
troubleshoot this issue.

  ΓùÅ  Cannot log after tests 
are done. Did you forget to 
wait for something async in 
your test?
    Attempted to log 
"Downloading MongoDB 
"5.0.19": 6.9% (25.5mb / 
370.7mb)[0G".

      at console.log (node_mod
ules/@jest/console/build/Buffe
redConsole.js:156:10)
      at MongoBinaryDownload.p
rintDownloadProgress (node_mod
ules/mongodb-memory-server-cor
e/src/util/MongoBinaryDownload
.ts:522:15)
      at 
IncomingMessage.<anonymous> (n
ode_modules/mongodb-memory-ser
ver-core/src/util/MongoBinaryD
ownload.ts:484:18)


  ΓùÅ  Cannot log after tests 
are done. Did you forget to 
wait for something async in 
your test?
    Attempted to log 
"Downloading MongoDB 
"5.0.19": 6.9% (25.4mb / 
370.7mb)[0G".

      at console.log (node_mod
ules/@jest/console/build/Buffe
redConsole.js:156:10)
      at MongoBinaryDownload.p
rintDownloadProgress (node_mod
ules/mongodb-memory-server-cor
e/src/util/MongoBinaryDownload
.ts:522:15)
      at 
IncomingMessage.<anonymous> (n
ode_modules/mongodb-memory-ser
ver-core/src/util/MongoBinaryD
ownload.ts:484:18)


  ΓùÅ  Cannot log after tests 
are done. Did you forget to 
wait for something async in 
your test?
    Attempted to log 
"Downloading MongoDB 
"5.0.19": 1.9% (7.2mb / 
370.7mb)[0G".

      at console.log (node_mod
ules/@jest/console/build/Buffe
redConsole.js:156:10)
      at MongoBinaryDownload.p
rintDownloadProgress (node_mod
ules/mongodb-memory-server-cor
e/src/util/MongoBinaryDownload
.ts:522:15)
      at 
IncomingMessage.<anonymous> (n
ode_modules/mongodb-memory-ser
ver-core/src/util/MongoBinaryD
ownload.ts:484:18)


  ΓùÅ  Cannot log after tests 
are done. Did you forget to 
wait for something async in 
your test?
    Attempted to log 
"Downloading MongoDB 
"5.0.19": 2.2% (8.1mb / 
370.7mb)[0G".

      at console.log (node_mod
ules/@jest/console/build/Buffe
redConsole.js:156:10)
      at MongoBinaryDownload.p
rintDownloadProgress (node_mod
ules/mongodb-memory-server-cor
e/src/util/MongoBinaryDownload
.ts:522:15)
      at 
IncomingMessage.<anonymous> (n
ode_modules/mongodb-memory-ser
ver-core/src/util/MongoBinaryD
ownload.ts:484:18)


  ΓùÅ  Cannot log after tests 
are done. Did you forget to 
wait for something async in 
your test?
    Attempted to log 
"Downloading MongoDB 
"5.0.19": 11.2% (41.6mb / 
370.7mb)[0G".

      at console.log (node_mod
ules/@jest/console/build/Buffe
redConsole.js:156:10)
      at MongoBinaryDownload.p
rintDownloadProgress (node_mod
ules/mongodb-memory-server-cor
e/src/util/MongoBinaryDownload
.ts:522:15)
      at 
IncomingMessage.<anonymous> (n
ode_modules/mongodb-memory-ser
ver-core/src/util/MongoBinaryD
ownload.ts:484:18)


  ΓùÅ  Cannot log after tests 
are done. Did you forget to 
wait for something async in 
your test?
    Attempted to log 
"Downloading MongoDB 
"5.0.19": 7.1% (26.5mb / 
370.7mb)[0G".

      at console.log (node_mod
ules/@jest/console/build/Buffe
redConsole.js:156:10)
      at MongoBinaryDownload.p
rintDownloadProgress (node_mod
ules/mongodb-memory-server-cor
e/src/util/MongoBinaryDownload
.ts:522:15)
      at 
IncomingMessage.<anonymous> (n
ode_modules/mongodb-memory-ser
ver-core/src/util/MongoBinaryD
ownload.ts:484:18)


  ΓùÅ  Cannot log after tests 
are done. Did you forget to 
wait for something async in 
your test?
    Attempted to log 
"Downloading MongoDB 
"5.0.19": 7.4% (27.4mb / 
370.7mb)[0G".

      at console.log (node_mod
ules/@jest/console/build/Buffe
redConsole.js:156:10)
      at MongoBinaryDownload.p
rintDownloadProgress (node_mod
ules/mongodb-memory-server-cor
e/src/util/MongoBinaryDownload
.ts:522:15)
      at 
IncomingMessage.<anonymous> (n
ode_modules/mongodb-memory-ser
ver-core/src/util/MongoBinaryD
ownload.ts:484:18)


  ΓùÅ  Cannot log after tests 
are done. Did you forget to 
wait for something async in 
your test?
    Attempted to log 
"Downloading MongoDB 
"5.0.19": 2.3% (8.6mb / 
370.7mb)[0G".

      at console.log (node_mod
ules/@jest/console/build/Buffe
redConsole.js:156:10)
      at MongoBinaryDownload.p
rintDownloadProgress (node_mod
ules/mongodb-memory-server-cor
e/src/util/MongoBinaryDownload
.ts:522:15)
      at 
IncomingMessage.<anonymous> (n
ode_modules/mongodb-memory-ser
ver-core/src/util/MongoBinaryD
ownload.ts:484:18)


  ΓùÅ  Cannot log after tests 
are done. Did you forget to 
wait for something async in 
your test?
    Attempted to log 
"Downloading MongoDB 
"5.0.19": 2.4% (8.8mb / 
370.7mb)[0G".

      at console.log (node_mod
ules/@jest/console/build/Buffe
redConsole.js:156:10)
      at MongoBinaryDownload.p
rintDownloadProgress (node_mod
ules/mongodb-memory-server-cor
e/src/util/MongoBinaryDownload
.ts:522:15)
      at 
IncomingMessage.<anonymous> (n
ode_modules/mongodb-memory-ser
ver-core/src/util/MongoBinaryD
ownload.ts:484:18)


  ΓùÅ  Cannot log after tests 
are done. Did you forget to 
wait for something async in 
your test?
    Attempted to log 
"Downloading MongoDB 
"5.0.19": 11.7% (43.2mb / 
370.7mb)[0G".

      at console.log (node_mod
ules/@jest/console/build/Buffe
redConsole.js:156:10)
      at MongoBinaryDownload.p
rintDownloadProgress (node_mod
ules/mongodb-memory-server-cor
e/src/util/MongoBinaryDownload
.ts:522:15)
      at 
IncomingMessage.<anonymous> (n
ode_modules/mongodb-memory-ser
ver-core/src/util/MongoBinaryD
ownload.ts:484:18)


  ΓùÅ  Cannot log after tests 
are done. Did you forget to 
wait for something async in 
your test?
    Attempted to log 
"Downloading MongoDB 
"5.0.19": 7.4% (27.5mb / 
370.7mb)[0G".

      at console.log (node_mod
ules/@jest/console/build/Buffe
redConsole.js:156:10)
      at MongoBinaryDownload.p
rintDownloadProgress (node_mod
ules/mongodb-memory-server-cor
e/src/util/MongoBinaryDownload
.ts:522:15)
      at 
IncomingMessage.<anonymous> (n
ode_modules/mongodb-memory-ser
ver-core/src/util/MongoBinaryD
ownload.ts:484:18)


  ΓùÅ  Cannot log after tests 
are done. Did you forget to 
wait for something async in 
your test?
    Attempted to log 
"Downloading MongoDB 
"5.0.19": 7.8% (28.9mb / 
370.7mb)[0G".

      at console.log (node_mod
ules/@jest/console/build/Buffe
redConsole.js:156:10)
      at MongoBinaryDownload.p
rintDownloadProgress (node_mod
ules/mongodb-memory-server-cor
e/src/util/MongoBinaryDownload
.ts:522:15)
      at 
IncomingMessage.<anonymous> (n
ode_modules/mongodb-memory-ser
ver-core/src/util/MongoBinaryD
ownload.ts:484:18)


  ΓùÅ  Cannot log after tests 
are done. Did you forget to 
wait for something async in 
your test?
    Attempted to log 
"Downloading MongoDB 
"5.0.19": 2.8% (10.4mb / 
370.7mb)[0G".

      at console.log (node_mod
ules/@jest/console/build/Buffe
redConsole.js:156:10)
      at MongoBinaryDownload.p
rintDownloadProgress (node_mod
ules/mongodb-memory-server-cor
e/src/util/MongoBinaryDownload
.ts:522:15)
      at 
IncomingMessage.<anonymous> (n
ode_modules/mongodb-memory-ser
ver-core/src/util/MongoBinaryD
ownload.ts:484:18)


  ΓùÅ  Cannot log after tests 
are done. Did you forget to 
wait for something async in 
your test?
    Attempted to log 
"Downloading MongoDB 
"5.0.19": 2.6% (9.6mb / 
370.7mb)[0G".

      at console.log (node_mod
ules/@jest/console/build/Buffe
redConsole.js:156:10)
      at MongoBinaryDownload.p
rintDownloadProgress (node_mod
ules/mongodb-memory-server-cor
e/src/util/MongoBinaryDownload
.ts:522:15)
      at 
IncomingMessage.<anonymous> (n
ode_modules/mongodb-memory-ser
ver-core/src/util/MongoBinaryD
ownload.ts:484:18)


  ΓùÅ  Cannot log after tests 
are done. Did you forget to 
wait for something async in 
your test?
    Attempted to log 
"Downloading MongoDB 
"5.0.19": 12.1% (44.7mb / 
370.7mb)[0G".

      at console.log (node_mod
ules/@jest/console/build/Buffe
redConsole.js:156:10)
      at MongoBinaryDownload.p
rintDownloadProgress (node_mod
ules/mongodb-memory-server-cor
e/src/util/MongoBinaryDownload
.ts:522:15)
      at 
IncomingMessage.<anonymous> (n
ode_modules/mongodb-memory-ser
ver-core/src/util/MongoBinaryD
ownload.ts:484:18)


  ΓùÅ  Cannot log after tests 
are done. Did you forget to 
wait for something async in 
your test?
    Attempted to log 
"Downloading MongoDB 
"5.0.19": 8.3% (30.7mb / 
370.7mb)[0G".

      at console.log (node_mod
ules/@jest/console/build/Buffe
redConsole.js:156:10)
      at MongoBinaryDownload.p
rintDownloadProgress (node_mod
ules/mongodb-memory-server-cor
e/src/util/MongoBinaryDownload
.ts:522:15)
      at 
IncomingMessage.<anonymous> (n
ode_modules/mongodb-memory-ser
ver-core/src/util/MongoBinaryD
ownload.ts:484:18)


  ΓùÅ  Cannot log after tests 
are done. Did you forget to 
wait for something async in 
your test?
    Attempted to log 
"Downloading MongoDB 
"5.0.19": 7.8% (28.8mb / 
370.7mb)[0G".

      at console.log (node_mod
ules/@jest/console/build/Buffe
redConsole.js:156:10)
      at MongoBinaryDownload.p
rintDownloadProgress (node_mod
ules/mongodb-memory-server-cor
e/src/util/MongoBinaryDownload
.ts:522:15)
      at 
IncomingMessage.<anonymous> (n
ode_modules/mongodb-memory-ser
ver-core/src/util/MongoBinaryD
ownload.ts:484:18)


  ΓùÅ  Cannot log after tests 
are done. Did you forget to 
wait for something async in 
your test?
    Attempted to log 
"Downloading MongoDB 
"5.0.19": 3.3% (12.2mb / 
370.7mb)[0G".

      at console.log (node_mod
ules/@jest/console/build/Buffe
redConsole.js:156:10)
      at MongoBinaryDownload.p
rintDownloadProgress (node_mod
ules/mongodb-memory-server-cor
e/src/util/MongoBinaryDownload
.ts:522:15)
      at 
IncomingMessage.<anonymous> (n
ode_modules/mongodb-memory-ser
ver-core/src/util/MongoBinaryD
ownload.ts:484:18)


  ΓùÅ  Cannot log after tests 
are done. Did you forget to 
wait for something async in 
your test?
    Attempted to log 
"Downloading MongoDB 
"5.0.19": 12.5% (46.3mb / 
370.7mb)[0G".

      at console.log (node_mod
ules/@jest/console/build/Buffe
redConsole.js:156:10)
      at MongoBinaryDownload.p
rintDownloadProgress (node_mod
ules/mongodb-memory-server-cor
e/src/util/MongoBinaryDownload
.ts:522:15)
      at 
IncomingMessage.<anonymous> (n
ode_modules/mongodb-memory-ser
ver-core/src/util/MongoBinaryD
ownload.ts:484:18)


  ΓùÅ  Cannot log after tests 
are done. Did you forget to 
wait for something async in 
your test?
    Attempted to log 
"Downloading MongoDB 
"5.0.19": 2.9% (10.6mb / 
370.7mb)[0G".

      at console.log (node_mod
ules/@jest/console/build/Buffe
redConsole.js:156:10)
      at MongoBinaryDownload.p
rintDownloadProgress (node_mod
ules/mongodb-memory-server-cor
e/src/util/MongoBinaryDownload
.ts:522:15)
      at 
IncomingMessage.<anonymous> (n
ode_modules/mongodb-memory-ser
ver-core/src/util/MongoBinaryD
ownload.ts:484:18)


  ΓùÅ  Cannot log after tests 
are done. Did you forget to 
wait for something async in 
your test?
    Attempted to log 
"Downloading MongoDB 
"5.0.19": 8.1% (30.1mb / 
370.7mb)[0G".

      at console.log (node_mod
ules/@jest/console/build/Buffe
redConsole.js:156:10)
      at MongoBinaryDownload.p
rintDownloadProgress (node_mod
ules/mongodb-memory-server-cor
e/src/util/MongoBinaryDownload
.ts:522:15)
      at 
IncomingMessage.<anonymous> (n
ode_modules/mongodb-memory-ser
ver-core/src/util/MongoBinaryD
ownload.ts:484:18)


  ΓùÅ  Cannot log after tests 
are done. Did you forget to 
wait for something async in 
your test?
    Attempted to log 
"Downloading MongoDB 
"5.0.19": 8.7% (32.1mb / 
370.7mb)[0G".

      at console.log (node_mod
ules/@jest/console/build/Buffe
redConsole.js:156:10)
      at MongoBinaryDownload.p
rintDownloadProgress (node_mod
ules/mongodb-memory-server-cor
e/src/util/MongoBinaryDownload
.ts:522:15)
      at 
IncomingMessage.<anonymous> (n
ode_modules/mongodb-memory-ser
ver-core/src/util/MongoBinaryD
ownload.ts:484:18)


  ΓùÅ  Cannot log after tests 
are done. Did you forget to 
wait for something async in 
your test?
    Attempted to log 
"Downloading MongoDB 
"5.0.19": 3.1% (11.4mb / 
370.7mb)[0G".

      at console.log (node_mod
ules/@jest/console/build/Buffe
redConsole.js:156:10)
      at MongoBinaryDownload.p
rintDownloadProgress (node_mod
ules/mongodb-memory-server-cor
e/src/util/MongoBinaryDownload
.ts:522:15)
      at 
IncomingMessage.<anonymous> (n
ode_modules/mongodb-memory-ser
ver-core/src/util/MongoBinaryD
ownload.ts:484:18)


  ΓùÅ  Cannot log after tests 
are done. Did you forget to 
wait for something async in 
your test?
    Attempted to log 
"Downloading MongoDB 
"5.0.19": 3.7% (13.6mb / 
370.7mb)[0G".

      at console.log (node_mod
ules/@jest/console/build/Buffe
redConsole.js:156:10)
      at MongoBinaryDownload.p
rintDownloadProgress (node_mod
ules/mongodb-memory-server-cor
e/src/util/MongoBinaryDownload
.ts:522:15)
      at 
IncomingMessage.<anonymous> (n
ode_modules/mongodb-memory-ser
ver-core/src/util/MongoBinaryD
ownload.ts:484:18)


  ΓùÅ  Cannot log after tests 
are done. Did you forget to 
wait for something async in 
your test?
    Attempted to log 
"Downloading MongoDB 
"5.0.19": 12.8% (47.5mb / 
370.7mb)[0G".

      at console.log (node_mod
ules/@jest/console/build/Buffe
redConsole.js:156:10)
      at MongoBinaryDownload.p
rintDownloadProgress (node_mod
ules/mongodb-memory-server-cor
e/src/util/MongoBinaryDownload
.ts:522:15)
      at 
IncomingMessage.<anonymous> (n
ode_modules/mongodb-memory-ser
ver-core/src/util/MongoBinaryD
ownload.ts:484:18)


  ΓùÅ  Cannot log after tests 
are done. Did you forget to 
wait for something async in 
your test?
    Attempted to log 
"Downloading MongoDB 
"5.0.19": 8.6% (31.9mb / 
370.7mb)[0G".

      at console.log (node_mod
ules/@jest/console/build/Buffe
redConsole.js:156:10)
      at MongoBinaryDownload.p
rintDownloadProgress (node_mod
ules/mongodb-memory-server-cor
e/src/util/MongoBinaryDownload
.ts:522:15)
      at 
IncomingMessage.<anonymous> (n
ode_modules/mongodb-memory-ser
ver-core/src/util/MongoBinaryD
ownload.ts:484:18)


  ΓùÅ  Cannot log after tests 
are done. Did you forget to 
wait for something async in 
your test?
    Attempted to log 
"Downloading MongoDB 
"5.0.19": 9.1% (33.9mb / 
370.7mb)[0G".

      at console.log (node_mod
ules/@jest/console/build/Buffe
redConsole.js:156:10)
      at MongoBinaryDownload.p
rintDownloadProgress (node_mod
ules/mongodb-memory-server-cor
e/src/util/MongoBinaryDownload
.ts:522:15)
      at 
IncomingMessage.<anonymous> (n
ode_modules/mongodb-memory-ser
ver-core/src/util/MongoBinaryD
ownload.ts:484:18)


  ΓùÅ  Cannot log after tests 
are done. Did you forget to 
wait for something async in 
your test?
    Attempted to log 
"Downloading MongoDB 
"5.0.19": 3.4% (12.6mb / 
370.7mb)[0G".

      at console.log (node_mod
ules/@jest/console/build/Buffe
redConsole.js:156:10)
      at MongoBinaryDownload.p
rintDownloadProgress (node_mod
ules/mongodb-memory-server-cor
e/src/util/MongoBinaryDownload
.ts:522:15)
      at 
IncomingMessage.<anonymous> (n
ode_modules/mongodb-memory-ser
ver-core/src/util/MongoBinaryD
ownload.ts:484:18)


  ΓùÅ  Cannot log after tests 
are done. Did you forget to 
wait for something async in 
your test?
    Attempted to log 
"Downloading MongoDB 
"5.0.19": 4.1% (15.2mb / 
370.7mb)[0G".

      at console.log (node_mod
ules/@jest/console/build/Buffe
redConsole.js:156:10)
      at MongoBinaryDownload.p
rintDownloadProgress (node_mod
ules/mongodb-memory-server-cor
e/src/util/MongoBinaryDownload
.ts:522:15)
      at 
IncomingMessage.<anonymous> (n
ode_modules/mongodb-memory-ser
ver-core/src/util/MongoBinaryD
ownload.ts:484:18)


  ΓùÅ  Cannot log after tests 
are done. Did you forget to 
wait for something async in 
your test?
    Attempted to log 
"Downloading MongoDB 
"5.0.19": 13.1% (48.6mb / 
370.7mb)[0G".

      at console.log (node_mod
ules/@jest/console/build/Buffe
redConsole.js:156:10)
      at MongoBinaryDownload.p
rintDownloadProgress (node_mod
ules/mongodb-memory-server-cor
e/src/util/MongoBinaryDownload
.ts:522:15)
      at 
IncomingMessage.<anonymous> (n
ode_modules/mongodb-memory-ser
ver-core/src/util/MongoBinaryD
ownload.ts:484:18)


  ΓùÅ  Cannot log after tests 
are done. Did you forget to 
wait for something async in 
your test?
    Attempted to log 
"Downloading MongoDB 
"5.0.19": 9.6% (35.4mb / 
370.7mb)[0G".

      at console.log (node_mod
ules/@jest/console/build/Buffe
redConsole.js:156:10)
      at MongoBinaryDownload.p
rintDownloadProgress (node_mod
ules/mongodb-memory-server-cor
e/src/util/MongoBinaryDownload
.ts:522:15)
      at 
IncomingMessage.<anonymous> (n
ode_modules/mongodb-memory-ser
ver-core/src/util/MongoBinaryD
ownload.ts:484:18)


  ΓùÅ  Cannot log after tests 
are done. Did you forget to 
wait for something async in 
your test?
    Attempted to log 
"Downloading MongoDB 
"5.0.19": 9% (33.5mb / 
370.7mb)[0G".

      at console.log (node_mod
ules/@jest/console/build/Buffe
redConsole.js:156:10)
      at MongoBinaryDownload.p
rintDownloadProgress (node_mod
ules/mongodb-memory-server-cor
e/src/util/MongoBinaryDownload
.ts:522:15)
      at 
IncomingMessage.<anonymous> (n
ode_modules/mongodb-memory-ser
ver-core/src/util/MongoBinaryD
ownload.ts:484:18)


  ΓùÅ  Cannot log after tests 
are done. Did you forget to 
wait for something async in 
your test?
    Attempted to log 
"Downloading MongoDB 
"5.0.19": 13.4% (49.7mb / 
370.7mb)[0G".

      at console.log (node_mod
ules/@jest/console/build/Buffe
redConsole.js:156:10)
      at MongoBinaryDownload.p
rintDownloadProgress (node_mod
ules/mongodb-memory-server-cor
e/src/util/MongoBinaryDownload
.ts:522:15)
      at 
IncomingMessage.<anonymous> (n
ode_modules/mongodb-memory-ser
ver-core/src/util/MongoBinaryD
ownload.ts:484:18)


  ΓùÅ  Cannot log after tests 
are done. Did you forget to 
wait for something async in 
your test?
    Attempted to log 
"Downloading MongoDB 
"5.0.19": 4.4% (16.4mb / 
370.7mb)[0G".

      at console.log (node_mod
ules/@jest/console/build/Buffe
redConsole.js:156:10)
      at MongoBinaryDownload.p
rintDownloadProgress (node_mod
ules/mongodb-memory-server-cor
e/src/util/MongoBinaryDownload
.ts:522:15)
      at 
IncomingMessage.<anonymous> (n
ode_modules/mongodb-memory-ser
ver-core/src/util/MongoBinaryD
ownload.ts:484:18)


  ΓùÅ  Cannot log after tests 
are done. Did you forget to 
wait for something async in 
your test?
    Attempted to log 
"Downloading MongoDB 
"5.0.19": 3.7% (13.6mb / 
370.7mb)[0G".

      at console.log (node_mod
ules/@jest/console/build/Buffe
redConsole.js:156:10)
      at MongoBinaryDownload.p
rintDownloadProgress (node_mod
ules/mongodb-memory-server-cor
e/src/util/MongoBinaryDownload
.ts:522:15)
      at 
IncomingMessage.<anonymous> (n
ode_modules/mongodb-memory-ser
ver-core/src/util/MongoBinaryD
ownload.ts:484:18)


  ΓùÅ  Cannot log after tests 
are done. Did you forget to 
wait for something async in 
your test?
    Attempted to log 
"Downloading MongoDB 
"5.0.19": 9.9% (36.8mb / 
370.7mb)[0G".

      at console.log (node_mod
ules/@jest/console/build/Buffe
redConsole.js:156:10)
      at MongoBinaryDownload.p
rintDownloadProgress (node_mod
ules/mongodb-memory-server-cor
e/src/util/MongoBinaryDownload
.ts:522:15)
      at 
IncomingMessage.<anonymous> (n
ode_modules/mongodb-memory-ser
ver-core/src/util/MongoBinaryD
ownload.ts:484:18)


  ΓùÅ  Cannot log after tests 
are done. Did you forget to 
wait for something async in 
your test?
    Attempted to log 
"Downloading MongoDB 
"5.0.19": 9.6% (35.7mb / 
370.7mb)[0G".

      at console.log (node_mod
ules/@jest/console/build/Buffe
redConsole.js:156:10)
      at MongoBinaryDownload.p
rintDownloadProgress (node_mod
ules/mongodb-memory-server-cor
e/src/util/MongoBinaryDownload
.ts:522:15)
      at 
IncomingMessage.<anonymous> (n
ode_modules/mongodb-memory-ser
ver-core/src/util/MongoBinaryD
ownload.ts:484:18)


  ΓùÅ  Cannot log after tests 
are done. Did you forget to 
wait for something async in 
your test?
    Attempted to log 
"Downloading MongoDB 
"5.0.19": 13.8% (51mb / 
370.7mb)[0G".

      at console.log (node_mod
ules/@jest/console/build/Buffe
redConsole.js:156:10)
      at MongoBinaryDownload.p
rintDownloadProgress (node_mod
ules/mongodb-memory-server-cor
e/src/util/MongoBinaryDownload
.ts:522:15)
      at 
IncomingMessage.<anonymous> (n
ode_modules/mongodb-memory-ser
ver-core/src/util/MongoBinaryD
ownload.ts:484:18)


  ΓùÅ  Cannot log after tests 
are done. Did you forget to 
wait for something async in 
your test?
    Attempted to log 
"Downloading MongoDB 
"5.0.19": 4.8% (17.7mb / 
370.7mb)[0G".

      at console.log (node_mod
ules/@jest/console/build/Buffe
redConsole.js:156:10)
      at MongoBinaryDownload.p
rintDownloadProgress (node_mod
ules/mongodb-memory-server-cor
e/src/util/MongoBinaryDownload
.ts:522:15)
      at 
IncomingMessage.<anonymous> (n
ode_modules/mongodb-memory-ser
ver-core/src/util/MongoBinaryD
ownload.ts:484:18)


  ΓùÅ  Cannot log after tests 
are done. Did you forget to 
wait for something async in 
your test?
    Attempted to log 
"Downloading MongoDB 
"5.0.19": 4% (15mb / 
370.7mb)[0G".

      at console.log (node_mod
ules/@jest/console/build/Buffe
redConsole.js:156:10)
      at MongoBinaryDownload.p
rintDownloadProgress (node_mod
ules/mongodb-memory-server-cor
e/src/util/MongoBinaryDownload
.ts:522:15)
      at 
IncomingMessage.<anonymous> (n
ode_modules/mongodb-memory-ser
ver-core/src/util/MongoBinaryD
ownload.ts:484:18)


  ΓùÅ  Cannot log after tests 
are done. Did you forget to 
wait for something async in 
your test?
    Attempted to log 
"Downloading MongoDB 
"5.0.19": 10.3% (38.1mb / 
370.7mb)[0G".

      at console.log (node_mod
ules/@jest/console/build/Buffe
redConsole.js:156:10)
      at MongoBinaryDownload.p
rintDownloadProgress (node_mod
ules/mongodb-memory-server-cor
e/src/util/MongoBinaryDownload
.ts:522:15)
      at 
IncomingMessage.<anonymous> (n
ode_modules/mongodb-memory-ser
ver-core/src/util/MongoBinaryD
ownload.ts:484:18)


  ΓùÅ  Cannot log after tests 
are done. Did you forget to 
wait for something async in 
your test?
    Attempted to log 
"Downloading MongoDB 
"5.0.19": 10.1% (37.6mb / 
370.7mb)[0G".

      at console.log (node_mod
ules/@jest/console/build/Buffe
redConsole.js:156:10)
      at MongoBinaryDownload.p
rintDownloadProgress (node_mod
ules/mongodb-memory-server-cor
e/src/util/MongoBinaryDownload
.ts:522:15)
      at 
IncomingMessage.<anonymous> (n
ode_modules/mongodb-memory-ser
ver-core/src/util/MongoBinaryD
ownload.ts:484:18)


  ΓùÅ  Cannot log after tests 
are done. Did you forget to 
wait for something async in 
your test?
    Attempted to log 
"Downloading MongoDB 
"5.0.19": 14.1% (52.2mb / 
370.7mb)[0G".

      at console.log (node_mod
ules/@jest/console/build/Buffe
redConsole.js:156:10)
      at MongoBinaryDownload.p
rintDownloadProgress (node_mod
ules/mongodb-memory-server-cor
e/src/util/MongoBinaryDownload
.ts:522:15)
      at 
IncomingMessage.<anonymous> (n
ode_modules/mongodb-memory-ser
ver-core/src/util/MongoBinaryD
ownload.ts:484:18)


  ΓùÅ  Cannot log after tests 
are done. Did you forget to 
wait for something async in 
your test?
    Attempted to log 
"Downloading MongoDB 
"5.0.19": 5.1% (19mb / 
370.7mb)[0G".

      at console.log (node_mod
ules/@jest/console/build/Buffe
redConsole.js:156:10)
      at MongoBinaryDownload.p
rintDownloadProgress (node_mod
ules/mongodb-memory-server-cor
e/src/util/MongoBinaryDownload
.ts:522:15)
      at 
IncomingMessage.<anonymous> (n
ode_modules/mongodb-memory-ser
ver-core/src/util/MongoBinaryD
ownload.ts:484:18)


  ΓùÅ  Cannot log after tests 
are done. Did you forget to 
wait for something async in 
your test?
    Attempted to log 
"Downloading MongoDB 
"5.0.19": 4.5% (16.7mb / 
370.7mb)[0G".

      at console.log (node_mod
ules/@jest/console/build/Buffe
redConsole.js:156:10)
      at MongoBinaryDownload.p
rintDownloadProgress (node_mod
ules/mongodb-memory-server-cor
e/src/util/MongoBinaryDownload
.ts:522:15)
      at 
IncomingMessage.<anonymous> (n
ode_modules/mongodb-memory-ser
ver-core/src/util/MongoBinaryD
ownload.ts:484:18)


  ΓùÅ  Cannot log after tests 
are done. Did you forget to 
wait for something async in 
your test?
    Attempted to log 
"Downloading MongoDB 
"5.0.19": 10.6% (39.4mb / 
370.7mb)[0G".

      at console.log (node_mod
ules/@jest/console/build/Buffe
redConsole.js:156:10)
      at MongoBinaryDownload.p
rintDownloadProgress (node_mod
ules/mongodb-memory-server-cor
e/src/util/MongoBinaryDownload
.ts:522:15)
      at 
IncomingMessage.<anonymous> (n
ode_modules/mongodb-memory-ser
ver-core/src/util/MongoBinaryD
ownload.ts:484:18)


  ΓùÅ  Cannot log after tests 
are done. Did you forget to 
wait for something async in 
your test?
    Attempted to log 
"Downloading MongoDB 
"5.0.19": 10.5% (39mb / 
370.7mb)[0G".

      at console.log (node_mod
ules/@jest/console/build/Buffe
redConsole.js:156:10)
      at MongoBinaryDownload.p
rintDownloadProgress (node_mod
ules/mongodb-memory-server-cor
e/src/util/MongoBinaryDownload
.ts:522:15)
      at 
IncomingMessage.<anonymous> (n
ode_modules/mongodb-memory-ser
ver-core/src/util/MongoBinaryD
ownload.ts:484:18)


  ΓùÅ  Cannot log after tests 
are done. Did you forget to 
wait for something async in 
your test?
    Attempted to log 
"Downloading MongoDB 
"5.0.19": 14.4% (53.5mb / 
370.7mb)[0G".

      at console.log (node_mod
ules/@jest/console/build/Buffe
redConsole.js:156:10)
      at MongoBinaryDownload.p
rintDownloadProgress (node_mod
ules/mongodb-memory-server-cor
e/src/util/MongoBinaryDownload
.ts:522:15)
      at 
IncomingMessage.<anonymous> (n
ode_modules/mongodb-memory-ser
ver-core/src/util/MongoBinaryD
ownload.ts:484:18)


  ΓùÅ  Cannot log after tests 
are done. Did you forget to 
wait for something async in 
your test?
    Attempted to log 
"Downloading MongoDB 
"5.0.19": 5.5% (20.3mb / 
370.7mb)[0G".

      at console.log (node_mod
ules/@jest/console/build/Buffe
redConsole.js:156:10)
      at MongoBinaryDownload.p
rintDownloadProgress (node_mod
ules/mongodb-memory-server-cor
e/src/util/MongoBinaryDownload
.ts:522:15)
      at 
IncomingMessage.<anonymous> (n
ode_modules/mongodb-memory-ser
ver-core/src/util/MongoBinaryD
ownload.ts:484:18)


  ΓùÅ  Cannot log after tests 
are done. Did you forget to 
wait for something async in 
your test?
    Attempted to log 
"Downloading MongoDB 
"5.0.19": 5% (18.7mb / 
370.7mb)[0G".

      at console.log (node_mod
ules/@jest/console/build/Buffe
redConsole.js:156:10)
      at MongoBinaryDownload.p
rintDownloadProgress (node_mod
ules/mongodb-memory-server-cor
e/src/util/MongoBinaryDownload
.ts:522:15)
      at 
IncomingMessage.<anonymous> (n
ode_modules/mongodb-memory-ser
ver-core/src/util/MongoBinaryD
ownload.ts:484:18)


  ΓùÅ  Cannot log after tests 
are done. Did you forget to 
wait for something async in 
your test?
    Attempted to log 
"Downloading MongoDB 
"5.0.19": 11% (40.8mb / 
370.7mb)[0G".

      at console.log (node_mod
ules/@jest/console/build/Buffe
redConsole.js:156:10)
      at MongoBinaryDownload.p
rintDownloadProgress (node_mod
ules/mongodb-memory-server-cor
e/src/util/MongoBinaryDownload
.ts:522:15)
      at 
IncomingMessage.<anonymous> (n
ode_modules/mongodb-memory-ser
ver-core/src/util/MongoBinaryD
ownload.ts:484:18)


  ΓùÅ  Cannot log after tests 
are done. Did you forget to 
wait for something async in 
your test?
    Attempted to log 
"Downloading MongoDB 
"5.0.19": 10.8% (40.2mb / 
370.7mb)[0G".

      at console.log (node_mod
ules/@jest/console/build/Buffe
redConsole.js:156:10)
      at MongoBinaryDownload.p
rintDownloadProgress (node_mod
ules/mongodb-memory-server-cor
e/src/util/MongoBinaryDownload
.ts:522:15)
      at 
IncomingMessage.<anonymous> (n
ode_modules/mongodb-memory-ser
ver-core/src/util/MongoBinaryD
ownload.ts:484:18)


  ΓùÅ  Cannot log after tests 
are done. Did you forget to 
wait for something async in 
your test?
    Attempted to log 
"Downloading MongoDB 
"5.0.19": 14.8% (54.9mb / 
370.7mb)[0G".

      at console.log (node_mod
ules/@jest/console/build/Buffe
redConsole.js:156:10)
      at MongoBinaryDownload.p
rintDownloadProgress (node_mod
ules/mongodb-memory-server-cor
e/src/util/MongoBinaryDownload
.ts:522:15)
      at 
IncomingMessage.<anonymous> (n
ode_modules/mongodb-memory-ser
ver-core/src/util/MongoBinaryD
ownload.ts:484:18)


  ΓùÅ  Cannot log after tests 
are done. Did you forget to 
wait for something async in 
your test?
    Attempted to log 
"Downloading MongoDB 
"5.0.19": 5.9% (21.7mb / 
370.7mb)[0G".

      at console.log (node_mod
ules/@jest/console/build/Buffe
redConsole.js:156:10)
      at MongoBinaryDownload.p
rintDownloadProgress (node_mod
ules/mongodb-memory-server-cor
e/src/util/MongoBinaryDownload
.ts:522:15)
      at 
IncomingMessage.<anonymous> (n
ode_modules/mongodb-memory-ser
ver-core/src/util/MongoBinaryD
ownload.ts:484:18)


  ΓùÅ  Cannot log after tests 
are done. Did you forget to 
wait for something async in 
your test?
    Attempted to log 
"Downloading MongoDB 
"5.0.19": 5.6% (20.7mb / 
370.7mb)[0G".

      at console.log (node_mod
ules/@jest/console/build/Buffe
redConsole.js:156:10)
      at MongoBinaryDownload.p
rintDownloadProgress (node_mod
ules/mongodb-memory-server-cor
e/src/util/MongoBinaryDownload
.ts:522:15)
      at 
IncomingMessage.<anonymous> (n
ode_modules/mongodb-memory-ser
ver-core/src/util/MongoBinaryD
ownload.ts:484:18)


  ΓùÅ  Cannot log after tests 
are done. Did you forget to 
wait for something async in 
your test?
    Attempted to log "Couldnt 
download "https://fastdl.mongo
db.org/windows/mongodb-windows
-x86_64-5.0.19.zip"! 
D84C0000:error:0A000119:SSL ro
utines:tls_get_more_records:de
cryption failed or bad record 
mac:openssl\ssl\record\methods
\tls_common.c:870:
    ".

      at console.error (node_m
odules/@jest/console/build/Buf
feredConsole.js:127:10)
      at RedirectableRequest.<
anonymous> (node_modules/mongo
db-memory-server-core/src/util
/MongoBinaryDownload.ts:489:19
)
      at ClientRequest.eventHa
ndlers.<computed> (node_module
s/follow-redirects/index.js:49
:24)


  ΓùÅ  Cannot log after tests 
are done. Did you forget to 
wait for something async in 
your test?
    Attempted to log 
"Starting the 
MongoMemoryServer Instance 
failed, enable debug log for 
more information. Error:
     DownloadError: Download 
failed for url "https://fastdl
.mongodb.org/windows/mongodb-w
indows-x86_64-5.0.19.zip", 
Details:
    
D84C0000:error:0A000119:SSL ro
utines:tls_get_more_records:de
cryption failed or bad record 
mac:openssl\ssl\record\methods
\tls_common.c:870:

        at RedirectableRequest
.<anonymous> (D:\socials\socia
l-media-app\server\node_module
s\mongodb-memory-server-core\s
rc\util\MongoBinaryDownload.ts
:490:18)
        at 
RedirectableRequest.emit 
(node:events:508:28)
        at ClientRequest.event
Handlers.<computed> (D:\social
s\social-media-app\server\node
_modules\follow-redirects\inde
x.js:49:24)
        at ClientRequest.emit 
(node:events:508:28)
        at emitErrorEvent 
(node:_http_client:108:11)
        at 
TLSSocket.socketErrorListener 
(node:_http_client:575:5)
        at TLSSocket.emit 
(node:events:508:28)
        at 
TLSSocket._emitTLSError 
(node:_tls_wrap:1033:10)
        at TLSWrap.onerror 
(node:_tls_wrap:474:11) {
      url: 'https://fastdl.mon
godb.org/windows/mongodb-windo
ws-x86_64-5.0.19.zip',
      msg: 
'D84C0000:error:0A000119:SSL r
outines:tls_get_more_records:d
ecryption failed or bad 
record mac:openssl\\ssl\\recor
d\\methods\\tls_common.c:870:\
n'
    }".

      at RedirectableRequest.<
anonymous> (node_modules/mongo
db-memory-server-core/src/util
/MongoBinaryDownload.ts:490:18
)
      at ClientRequest.eventHa
ndlers.<computed> (node_module
s/follow-redirects/index.js:49
:24)
      at TLSWrap.onerror 
(node:_tls_wrap:474:11) {
        url: 'https://fastdl.m
ongodb.org/windows/mongodb-win
dows-x86_64-5.0.19.zip',
        msg: 
'D84C0000:error:0A000119:SSL r
outines:tls_get_more_records:d
ecryption failed or bad 
record mac:openssl\\ssl\\recor
d\\methods\\tls_common.c:870:\
n'
      }".
      at console.warn (node_mo
dules/@jest/console/build/Buff
eredConsole.js:191:10)
      at 
MongoMemoryServer.<anonymous> 
(node_modules/mongodb-memory-s
erver-core/src/MongoMemoryServ
er.ts:293:17)
      at node_modules/tslib/ts
lib.js:170:75
      at __awaiter (node_modul
es/tslib/tslib.js:166:16)
      at node_modules/mongodb-
memory-server-core/src/MongoMe
moryServer.ts:284:68


  ΓùÅ  Cannot log after tests 
are done. Did you forget to 
wait for something async in 
your test?
    Attempted to log 
"Downloading MongoDB 
"5.0.19": 11.3% (41.8mb / 
370.7mb)[0G".

      at console.log (node_mod
ules/@jest/console/build/Buffe
redConsole.js:156:10)
      at MongoBinaryDownload.p
rintDownloadProgress (node_mod
ules/mongodb-memory-server-cor
e/src/util/MongoBinaryDownload
.ts:522:15)
      at 
IncomingMessage.<anonymous> (n
ode_modules/mongodb-memory-ser
ver-core/src/util/MongoBinaryD
ownload.ts:484:18)


  ΓùÅ  Cannot log after tests 
are done. Did you forget to 
wait for something async in 
your test?
    Attempted to log 
"Downloading MongoDB 
"5.0.19": 15.1% (56mb / 
370.7mb)[0G".

      at console.log (node_mod
ules/@jest/console/build/Buffe
redConsole.js:156:10)
      at MongoBinaryDownload.p
rintDownloadProgress (node_mod
ules/mongodb-memory-server-cor
e/src/util/MongoBinaryDownload
.ts:522:15)
      at 
IncomingMessage.<anonymous> (n
ode_modules/mongodb-memory-ser
ver-core/src/util/MongoBinaryD
ownload.ts:484:18)


  ΓùÅ  Cannot log after tests 
are done. Did you forget to 
wait for something async in 
your test?
    Attempted to log 
"Downloading MongoDB 
"5.0.19": 6.2% (22.8mb / 
370.7mb)[0G".

      at console.log (node_mod
ules/@jest/console/build/Buffe
redConsole.js:156:10)
      at MongoBinaryDownload.p
rintDownloadProgress (node_mod
ules/mongodb-memory-server-cor
e/src/util/MongoBinaryDownload
.ts:522:15)
      at 
IncomingMessage.<anonymous> (n
ode_modules/mongodb-memory-ser
ver-core/src/util/MongoBinaryD
ownload.ts:484:18)


  ΓùÅ  Cannot log after tests 
are done. Did you forget to 
wait for something async in 
your test?
    Attempted to log 
"Downloading MongoDB 
"5.0.19": 5.9% (21.8mb / 
370.7mb)[0G".

      at console.log (node_mod
ules/@jest/console/build/Buffe
redConsole.js:156:10)
      at MongoBinaryDownload.p
rintDownloadProgress (node_mod
ules/mongodb-memory-server-cor
e/src/util/MongoBinaryDownload
.ts:522:15)
      at 
IncomingMessage.<anonymous> (n
ode_modules/mongodb-memory-ser
ver-core/src/util/MongoBinaryD
ownload.ts:484:18)


  ΓùÅ  Cannot log after tests 
are done. Did you forget to 
wait for something async in 
your test?
    Attempted to log 
"Downloading MongoDB 
"5.0.19": 12% (44.6mb / 
370.7mb)[0G".

      at console.log (node_mod
ules/@jest/console/build/Buffe
redConsole.js:156:10)
      at MongoBinaryDownload.p
rintDownloadProgress (node_mod
ules/mongodb-memory-server-cor
e/src/util/MongoBinaryDownload
.ts:522:15)
      at 
IncomingMessage.<anonymous> (n
ode_modules/mongodb-memory-ser
ver-core/src/util/MongoBinaryD
ownload.ts:484:18)


  ΓùÅ  Cannot log after tests 
are done. Did you forget to 
wait for something async in 
your test?
    Attempted to log 
"Downloading MongoDB 
"5.0.19": 15.7% (58.3mb / 
370.7mb)[0G".

      at console.log (node_mod
ules/@jest/console/build/Buffe
redConsole.js:156:10)
      at MongoBinaryDownload.p
rintDownloadProgress (node_mod
ules/mongodb-memory-server-cor
e/src/util/MongoBinaryDownload
.ts:522:15)
      at 
IncomingMessage.<anonymous> (n
ode_modules/mongodb-memory-ser
ver-core/src/util/MongoBinaryD
ownload.ts:484:18)


  ΓùÅ  Cannot log after tests 
are done. Did you forget to 
wait for something async in 
your test?
    Attempted to log 
"Downloading MongoDB 
"5.0.19": 6.5% (24.3mb / 
370.7mb)[0G".

      at console.log (node_mod
ules/@jest/console/build/Buffe
redConsole.js:156:10)
      at MongoBinaryDownload.p
rintDownloadProgress (node_mod
ules/mongodb-memory-server-cor
e/src/util/MongoBinaryDownload
.ts:522:15)
      at 
IncomingMessage.<anonymous> (n
ode_modules/mongodb-memory-ser
ver-core/src/util/MongoBinaryD
ownload.ts:484:18)


  ΓùÅ  Cannot log after tests 
are done. Did you forget to 
wait for something async in 
your test?
    Attempted to log 
"Downloading MongoDB 
"5.0.19": 6.3% (23.4mb / 
370.7mb)[0G".

      at console.log (node_mod
ules/@jest/console/build/Buffe
redConsole.js:156:10)
      at MongoBinaryDownload.p
rintDownloadProgress (node_mod
ules/mongodb-memory-server-cor
e/src/util/MongoBinaryDownload
.ts:522:15)
      at 
IncomingMessage.<anonymous> (n
ode_modules/mongodb-memory-ser
ver-core/src/util/MongoBinaryD
ownload.ts:484:18)


  ΓùÅ  Cannot log after tests 
are done. Did you forget to 
wait for something async in 
your test?
    Attempted to log "Couldnt 
download "https://fastdl.mongo
db.org/windows/mongodb-windows
-x86_64-5.0.19.zip"! 
D84C0000:error:0A000119:SSL ro
utines:tls_get_more_records:de
cryption failed or bad record 
mac:openssl\ssl\record\methods
\tls_common.c:870:
    ".

      at console.error (node_m
odules/@jest/console/build/Buf
feredConsole.js:127:10)
      at RedirectableRequest.<
anonymous> (node_modules/mongo
db-memory-server-core/src/util
/MongoBinaryDownload.ts:489:19
)
      at ClientRequest.eventHa
ndlers.<computed> (node_module
s/follow-redirects/index.js:49
:24)


  ΓùÅ  Cannot log after tests 
are done. Did you forget to 
wait for something async in 
your test?
    Attempted to log 
"Starting the 
MongoMemoryServer Instance 
failed, enable debug log for 
more information. Error:
     DownloadError: Download 
failed for url "https://fastdl
.mongodb.org/windows/mongodb-w
indows-x86_64-5.0.19.zip", 
Details:
    
D84C0000:error:0A000119:SSL ro
utines:tls_get_more_records:de
cryption failed or bad record 
mac:openssl\ssl\record\methods
\tls_common.c:870:

        at RedirectableRequest
.<anonymous> (D:\socials\socia
l-media-app\server\node_module
s\mongodb-memory-server-core\s
rc\util\MongoBinaryDownload.ts
:490:18)
        at 
RedirectableRequest.emit 
(node:events:508:28)
        at ClientRequest.event
Handlers.<computed> (D:\social
s\social-media-app\server\node
_modules\follow-redirects\inde
x.js:49:24)
        at ClientRequest.emit 
(node:events:508:28)
        at emitErrorEvent 
(node:_http_client:108:11)
        at 
TLSSocket.socketErrorListener 
(node:_http_client:575:5)
        at TLSSocket.emit 
(node:events:508:28)
        at 
TLSSocket._emitTLSError 
(node:_tls_wrap:1033:10)
        at TLSWrap.onerror 
(node:_tls_wrap:474:11) {
      url: 'https://fastdl.mon
godb.org/windows/mongodb-windo
ws-x86_64-5.0.19.zip',
      msg: 
'D84C0000:error:0A000119:SSL r
outines:tls_get_more_records:d
ecryption failed or bad 
record mac:openssl\\ssl\\recor
d\\methods\\tls_common.c:870:\
n'
    }".

      at RedirectableRequest.<
anonymous> (node_modules/mongo
db-memory-server-core/src/util
/MongoBinaryDownload.ts:490:18
)
      at ClientRequest.eventHa
ndlers.<computed> (node_module
s/follow-redirects/index.js:49
:24)
      at TLSWrap.onerror 
(node:_tls_wrap:474:11) {
        url: 'https://fastdl.m
ongodb.org/windows/mongodb-win
dows-x86_64-5.0.19.zip',
        msg: 
'D84C0000:error:0A000119:SSL r
outines:tls_get_more_records:d
ecryption failed or bad 
record mac:openssl\\ssl\\recor
d\\methods\\tls_common.c:870:\
n'
      }".
      at console.warn (node_mo
dules/@jest/console/build/Buff
eredConsole.js:191:10)
      at 
MongoMemoryServer.<anonymous> 
(node_modules/mongodb-memory-s
erver-core/src/MongoMemoryServ
er.ts:293:17)
      at node_modules/tslib/ts
lib.js:170:75
      at __awaiter (node_modul
es/tslib/tslib.js:166:16)
      at node_modules/mongodb-
memory-server-core/src/MongoMe
moryServer.ts:284:68


  ΓùÅ  Cannot log after tests 
are done. Did you forget to 
wait for something async in 
your test?
    Attempted to log 
"Downloading MongoDB 
"5.0.19": 16% (59.4mb / 
370.7mb)[0G".

      at console.log (node_mod
ules/@jest/console/build/Buffe
redConsole.js:156:10)
      at MongoBinaryDownload.p
rintDownloadProgress (node_mod
ules/mongodb-memory-server-cor
e/src/util/MongoBinaryDownload
.ts:522:15)
      at 
IncomingMessage.<anonymous> (n
ode_modules/mongodb-memory-ser
ver-core/src/util/MongoBinaryD
ownload.ts:484:18)


  ΓùÅ  Cannot log after tests 
are done. Did you forget to 
wait for something async in 
your test?
    Attempted to log 
"Downloading MongoDB 
"5.0.19": 6.9% (25.5mb / 
370.7mb)[0G".

      at console.log (node_mod
ules/@jest/console/build/Buffe
redConsole.js:156:10)
      at MongoBinaryDownload.p
rintDownloadProgress (node_mod
ules/mongodb-memory-server-cor
e/src/util/MongoBinaryDownload
.ts:522:15)
      at 
IncomingMessage.<anonymous> (n
ode_modules/mongodb-memory-ser
ver-core/src/util/MongoBinaryD
ownload.ts:484:18)


  ΓùÅ  Cannot log after tests 
are done. Did you forget to 
wait for something async in 
your test?
    Attempted to log 
"Downloading MongoDB 
"5.0.19": 6.7% (24.9mb / 
370.7mb)[0G".

      at console.log (node_mod
ules/@jest/console/build/Buffe
redConsole.js:156:10)
      at MongoBinaryDownload.p
rintDownloadProgress (node_mod
ules/mongodb-memory-server-cor
e/src/util/MongoBinaryDownload
.ts:522:15)
      at 
IncomingMessage.<anonymous> (n
ode_modules/mongodb-memory-ser
ver-core/src/util/MongoBinaryD
ownload.ts:484:18)


  ΓùÅ  Cannot log after tests 
are done. Did you forget to 
wait for something async in 
your test?
    Attempted to log 
"Downloading MongoDB 
"5.0.19": 16.6% (61.5mb / 
370.7mb)[0G".

      at console.log (node_mod
ules/@jest/console/build/Buffe
redConsole.js:156:10)
      at MongoBinaryDownload.p
rintDownloadProgress (node_mod
ules/mongodb-memory-server-cor
e/src/util/MongoBinaryDownload
.ts:522:15)
      at 
IncomingMessage.<anonymous> (n
ode_modules/mongodb-memory-ser
ver-core/src/util/MongoBinaryD
ownload.ts:484:18)


  ΓùÅ  Cannot log after tests 
are done. Did you forget to 
wait for something async in 
your test?
    Attempted to log 
"Downloading MongoDB 
"5.0.19": 7.4% (27.5mb / 
370.7mb)[0G".

      at console.log (node_mod
ules/@jest/console/build/Buffe
redConsole.js:156:10)
      at MongoBinaryDownload.p
rintDownloadProgress (node_mod
ules/mongodb-memory-server-cor
e/src/util/MongoBinaryDownload
.ts:522:15)
      at 
IncomingMessage.<anonymous> (n
ode_modules/mongodb-memory-ser
ver-core/src/util/MongoBinaryD
ownload.ts:484:18)


  ΓùÅ  Cannot log after tests 
are done. Did you forget to 
wait for something async in 
your test?
    Attempted to log 
"Downloading MongoDB 
"5.0.19": 7.2% (26.8mb / 
370.7mb)[0G".

      at console.log (node_mod
ules/@jest/console/build/Buffe
redConsole.js:156:10)
      at MongoBinaryDownload.p
rintDownloadProgress (node_mod
ules/mongodb-memory-server-cor
e/src/util/MongoBinaryDownload
.ts:522:15)
      at 
IncomingMessage.<anonymous> (n
ode_modules/mongodb-memory-ser
ver-core/src/util/MongoBinaryD
ownload.ts:484:18)


  ΓùÅ  Cannot log after tests 
are done. Did you forget to 
wait for something async in 
your test?
    Attempted to log "Couldnt 
download "https://fastdl.mongo
db.org/windows/mongodb-windows
-x86_64-5.0.19.zip"! 
D84C0000:error:0A000119:SSL ro
utines:tls_get_more_records:de
cryption failed or bad record 
mac:openssl\ssl\record\methods
\tls_common.c:870:
    ".

      at console.error (node_m
odules/@jest/console/build/Buf
feredConsole.js:127:10)
      at RedirectableRequest.<
anonymous> (node_modules/mongo
db-memory-server-core/src/util
/MongoBinaryDownload.ts:489:19
)
      at ClientRequest.eventHa
ndlers.<computed> (node_module
s/follow-redirects/index.js:49
:24)


  ΓùÅ  Cannot log after tests 
are done. Did you forget to 
wait for something async in 
your test?
    Attempted to log 
"Starting the 
MongoMemoryServer Instance 
failed, enable debug log for 
more information. Error:
     DownloadError: Download 
failed for url "https://fastdl
.mongodb.org/windows/mongodb-w
indows-x86_64-5.0.19.zip", 
Details:
    
D84C0000:error:0A000119:SSL ro
utines:tls_get_more_records:de
cryption failed or bad record 
mac:openssl\ssl\record\methods
\tls_common.c:870:

        at RedirectableRequest
.<anonymous> (D:\socials\socia
l-media-app\server\node_module
s\mongodb-memory-server-core\s
rc\util\MongoBinaryDownload.ts
:490:18)
        at 
RedirectableRequest.emit 
(node:events:508:28)
        at ClientRequest.event
Handlers.<computed> (D:\social
s\social-media-app\server\node
_modules\follow-redirects\inde
x.js:49:24)
        at ClientRequest.emit 
(node:events:508:28)
        at emitErrorEvent 
(node:_http_client:108:11)
        at 
TLSSocket.socketErrorListener 
(node:_http_client:575:5)
        at TLSSocket.emit 
(node:events:508:28)
        at 
TLSSocket._emitTLSError 
(node:_tls_wrap:1033:10)
        at TLSWrap.onerror 
(node:_tls_wrap:474:11) {
      url: 'https://fastdl.mon
godb.org/windows/mongodb-windo
ws-x86_64-5.0.19.zip',
      msg: 
'D84C0000:error:0A000119:SSL r
outines:tls_get_more_records:d
ecryption failed or bad 
record mac:openssl\\ssl\\recor
d\\methods\\tls_common.c:870:\
n'
    }".

      at RedirectableRequest.<
anonymous> (node_modules/mongo
db-memory-server-core/src/util
/MongoBinaryDownload.ts:490:18
)
      at ClientRequest.eventHa
ndlers.<computed> (node_module
s/follow-redirects/index.js:49
:24)
      at TLSWrap.onerror 
(node:_tls_wrap:474:11) {
        url: 'https://fastdl.m
ongodb.org/windows/mongodb-win
dows-x86_64-5.0.19.zip',
        msg: 
'D84C0000:error:0A000119:SSL r
outines:tls_get_more_records:d
ecryption failed or bad 
record mac:openssl\\ssl\\recor
d\\methods\\tls_common.c:870:\
n'
      }".
      at console.warn (node_mo
dules/@jest/console/build/Buff
eredConsole.js:191:10)
      at 
MongoMemoryServer.<anonymous> 
(node_modules/mongodb-memory-s
erver-core/src/MongoMemoryServ
er.ts:293:17)
      at node_modules/tslib/ts
lib.js:170:75
      at __awaiter (node_modul
es/tslib/tslib.js:166:16)
      at node_modules/mongodb-
memory-server-core/src/MongoMe
moryServer.ts:284:68


  ΓùÅ  Cannot log after tests 
are done. Did you forget to 
wait for something async in 
your test?
    Attempted to log 
"Downloading MongoDB 
"5.0.19": 16.9% (62.6mb / 
370.7mb)[0G".

      at console.log (node_mod
ules/@jest/console/build/Buffe
redConsole.js:156:10)
      at MongoBinaryDownload.p
rintDownloadProgress (node_mod
ules/mongodb-memory-server-cor
e/src/util/MongoBinaryDownload
.ts:522:15)
      at 
IncomingMessage.<anonymous> (n
ode_modules/mongodb-memory-ser
ver-core/src/util/MongoBinaryD
ownload.ts:484:18)


  ΓùÅ  Cannot log after tests 
are done. Did you forget to 
wait for something async in 
your test?
    Attempted to log 
"Downloading MongoDB 
"5.0.19": 7.9% (29.4mb / 
370.7mb)[0G".

      at console.log (node_mod
ules/@jest/console/build/Buffe
redConsole.js:156:10)
      at MongoBinaryDownload.p
rintDownloadProgress (node_mod
ules/mongodb-memory-server-cor
e/src/util/MongoBinaryDownload
.ts:522:15)
      at 
IncomingMessage.<anonymous> (n
ode_modules/mongodb-memory-ser
ver-core/src/util/MongoBinaryD
ownload.ts:484:18)


  ΓùÅ  Cannot log after tests 
are done. Did you forget to 
wait for something async in 
your test?
    Attempted to log 
"Downloading MongoDB 
"5.0.19": 17.3% (64mb / 
370.7mb)[0G".

      at console.log (node_mod
ules/@jest/console/build/Buffe
redConsole.js:156:10)
      at MongoBinaryDownload.p
rintDownloadProgress (node_mod
ules/mongodb-memory-server-cor
e/src/util/MongoBinaryDownload
.ts:522:15)
      at 
IncomingMessage.<anonymous> (n
ode_modules/mongodb-memory-ser
ver-core/src/util/MongoBinaryD
ownload.ts:484:18)


  ΓùÅ  Cannot log after tests 
are done. Did you forget to 
wait for something async in 
your test?
    Attempted to log 
"Downloading MongoDB 
"5.0.19": 8.6% (32mb / 
370.7mb)[0G".

      at console.log (node_mod
ules/@jest/console/build/Buffe
redConsole.js:156:10)
      at MongoBinaryDownload.p
rintDownloadProgress (node_mod
ules/mongodb-memory-server-cor
e/src/util/MongoBinaryDownload
.ts:522:15)
      at 
IncomingMessage.<anonymous> (n
ode_modules/mongodb-memory-ser
ver-core/src/util/MongoBinaryD
ownload.ts:484:18)


  ΓùÅ  Cannot log after tests 
are done. Did you forget to 
wait for something async in 
your test?
    Attempted to log 
"Downloading MongoDB 
"5.0.19": 17.5% (65mb / 
370.7mb)[0G".

      at console.log (node_mod
ules/@jest/console/build/Buffe
redConsole.js:156:10)
      at MongoBinaryDownload.p
rintDownloadProgress (node_mod
ules/mongodb-memory-server-cor
e/src/util/MongoBinaryDownload
.ts:522:15)
      at 
IncomingMessage.<anonymous> (n
ode_modules/mongodb-memory-ser
ver-core/src/util/MongoBinaryD
ownload.ts:484:18)


  ΓùÅ  Cannot log after tests 
are done. Did you forget to 
wait for something async in 
your test?
    Attempted to log 
"Downloading MongoDB 
"5.0.19": 9.2% (33.9mb / 
370.7mb)[0G".

      at console.log (node_mod
ules/@jest/console/build/Buffe
redConsole.js:156:10)
      at MongoBinaryDownload.p
rintDownloadProgress (node_mod
ules/mongodb-memory-server-cor
e/src/util/MongoBinaryDownload
.ts:522:15)
      at 
IncomingMessage.<anonymous> (n
ode_modules/mongodb-memory-ser
ver-core/src/util/MongoBinaryD
ownload.ts:484:18)


  ΓùÅ  Cannot log after tests 
are done. Did you forget to 
wait for something async in 
your test?
    Attempted to log 
"Downloading MongoDB 
"5.0.19": 17.8% (66.1mb / 
370.7mb)[0G".

      at console.log (node_mod
ules/@jest/console/build/Buffe
redConsole.js:156:10)
      at MongoBinaryDownload.p
rintDownloadProgress (node_mod
ules/mongodb-memory-server-cor
e/src/util/MongoBinaryDownload
.ts:522:15)
      at 
IncomingMessage.<anonymous> (n
ode_modules/mongodb-memory-ser
ver-core/src/util/MongoBinaryD
ownload.ts:484:18)


  ΓùÅ  Cannot log after tests 
are done. Did you forget to 
wait for something async in 
your test?
    Attempted to log 
"Downloading MongoDB 
"5.0.19": 10.2% (37.9mb / 
370.7mb)[0G".

      at console.log (node_mod
ules/@jest/console/build/Buffe
redConsole.js:156:10)
      at MongoBinaryDownload.p
rintDownloadProgress (node_mod
ules/mongodb-memory-server-cor
e/src/util/MongoBinaryDownload
.ts:522:15)
      at 
IncomingMessage.<anonymous> (n
ode_modules/mongodb-memory-ser
ver-core/src/util/MongoBinaryD
ownload.ts:484:18)


  ΓùÅ  Cannot log after tests 
are done. Did you forget to 
wait for something async in 
your test?
    Attempted to log 
"Downloading MongoDB 
"5.0.19": 18.1% (66.9mb / 
370.7mb)[0G".

      at console.log (node_mod
ules/@jest/console/build/Buffe
redConsole.js:156:10)
      at MongoBinaryDownload.p
rintDownloadProgress (node_mod
ules/mongodb-memory-server-cor
e/src/util/MongoBinaryDownload
.ts:522:15)
      at 
IncomingMessage.<anonymous> (n
ode_modules/mongodb-memory-ser
ver-core/src/util/MongoBinaryD
ownload.ts:484:18)


  ΓùÅ  Cannot log after tests 
are done. Did you forget to 
wait for something async in 
your test?
    Attempted to log 
"Downloading MongoDB 
"5.0.19": 11.5% (42.6mb / 
370.7mb)[0G".

      at console.log (node_mod
ules/@jest/console/build/Buffe
redConsole.js:156:10)
      at MongoBinaryDownload.p
rintDownloadProgress (node_mod
ules/mongodb-memory-server-cor
e/src/util/MongoBinaryDownload
.ts:522:15)
      at 
IncomingMessage.<anonymous> (n
ode_modules/mongodb-memory-ser
ver-core/src/util/MongoBinaryD
ownload.ts:484:18)


  ΓùÅ  Cannot log after tests 
are done. Did you forget to 
wait for something async in 
your test?
    Attempted to log 
"Downloading MongoDB 
"5.0.19": 18.3% (67.7mb / 
370.7mb)[0G".

      at console.log (node_mod
ules/@jest/console/build/Buffe
redConsole.js:156:10)
      at MongoBinaryDownload.p
rintDownloadProgress (node_mod
ules/mongodb-memory-server-cor
e/src/util/MongoBinaryDownload
.ts:522:15)
      at 
IncomingMessage.<anonymous> (n
ode_modules/mongodb-memory-ser
ver-core/src/util/MongoBinaryD
ownload.ts:484:18)


  ΓùÅ  Cannot log after tests 
are done. Did you forget to 
wait for something async in 
your test?
    Attempted to log 
"Downloading MongoDB 
"5.0.19": 12.4% (45.9mb / 
370.7mb)[0G".

      at console.log (node_mod
ules/@jest/console/build/Buffe
redConsole.js:156:10)
      at MongoBinaryDownload.p
rintDownloadProgress (node_mod
ules/mongodb-memory-server-cor
e/src/util/MongoBinaryDownload
.ts:522:15)
      at 
IncomingMessage.<anonymous> (n
ode_modules/mongodb-memory-ser
ver-core/src/util/MongoBinaryD
ownload.ts:484:18)


  ΓùÅ  Cannot log after tests 
are done. Did you forget to 
wait for something async in 
your test?
    Attempted to log 
"Downloading MongoDB 
"5.0.19": 18.5% (68.4mb / 
370.7mb)[0G".

      at console.log (node_mod
ules/@jest/console/build/Buffe
redConsole.js:156:10)
      at MongoBinaryDownload.p
rintDownloadProgress (node_mod
ules/mongodb-memory-server-cor
e/src/util/MongoBinaryDownload
.ts:522:15)
      at 
IncomingMessage.<anonymous> (n
ode_modules/mongodb-memory-ser
ver-core/src/util/MongoBinaryD
ownload.ts:484:18)


  ΓùÅ  Cannot log after tests 
are done. Did you forget to 
wait for something async in 
your test?
    Attempted to log 
"Downloading MongoDB 
"5.0.19": 13.4% (49.6mb / 
370.7mb)[0G".

      at console.log (node_mod
ules/@jest/console/build/Buffe
redConsole.js:156:10)
      at MongoBinaryDownload.p
rintDownloadProgress (node_mod
ules/mongodb-memory-server-cor
e/src/util/MongoBinaryDownload
.ts:522:15)
      at 
IncomingMessage.<anonymous> (n
ode_modules/mongodb-memory-ser
ver-core/src/util/MongoBinaryD
ownload.ts:484:18)


  ΓùÅ  Cannot log after tests 
are done. Did you forget to 
wait for something async in 
your test?
    Attempted to log 
"Downloading MongoDB 
"5.0.19": 18.7% (69.3mb / 
370.7mb)[0G".

      at console.log (node_mod
ules/@jest/console/build/Buffe
redConsole.js:156:10)
      at MongoBinaryDownload.p
rintDownloadProgress (node_mod
ules/mongodb-memory-server-cor
e/src/util/MongoBinaryDownload
.ts:522:15)
      at 
IncomingMessage.<anonymous> (n
ode_modules/mongodb-memory-ser
ver-core/src/util/MongoBinaryD
ownload.ts:484:18)


  ΓùÅ  Cannot log after tests 
are done. Did you forget to 
wait for something async in 
your test?
    Attempted to log 
"Downloading MongoDB 
"5.0.19": 14.5% (53.8mb / 
370.7mb)[0G".

      at console.log (node_mod
ules/@jest/console/build/Buffe
redConsole.js:156:10)
      at MongoBinaryDownload.p
rintDownloadProgress (node_mod
ules/mongodb-memory-server-cor
e/src/util/MongoBinaryDownload
.ts:522:15)
      at 
IncomingMessage.<anonymous> (n
ode_modules/mongodb-memory-ser
ver-core/src/util/MongoBinaryD
ownload.ts:484:18)


  ΓùÅ  Cannot log after tests 
are done. Did you forget to 
wait for something async in 
your test?
    Attempted to log 
"Downloading MongoDB 
"5.0.19": 18.9% (70.1mb / 
370.7mb)[0G".

      at console.log (node_mod
ules/@jest/console/build/Buffe
redConsole.js:156:10)
      at MongoBinaryDownload.p
rintDownloadProgress (node_mod
ules/mongodb-memory-server-cor
e/src/util/MongoBinaryDownload
.ts:522:15)
      at 
IncomingMessage.<anonymous> (n
ode_modules/mongodb-memory-ser
ver-core/src/util/MongoBinaryD
ownload.ts:484:18)


  ΓùÅ  Cannot log after tests 
are done. Did you forget to 
wait for something async in 
your test?
    Attempted to log 
"Downloading MongoDB 
"5.0.19": 15.6% (57.7mb / 
370.7mb)[0G".

      at console.log (node_mod
ules/@jest/console/build/Buffe
redConsole.js:156:10)
      at MongoBinaryDownload.p
rintDownloadProgress (node_mod
ules/mongodb-memory-server-cor
e/src/util/MongoBinaryDownload
.ts:522:15)
      at 
IncomingMessage.<anonymous> (n
ode_modules/mongodb-memory-ser
ver-core/src/util/MongoBinaryD
ownload.ts:484:18)


  ΓùÅ  Cannot log after tests 
are done. Did you forget to 
wait for something async in 
your test?
    Attempted to log 
"Downloading MongoDB 
"5.0.19": 19.2% (71.1mb / 
370.7mb)[0G".

      at console.log (node_mod
ules/@jest/console/build/Buffe
redConsole.js:156:10)
      at MongoBinaryDownload.p
rintDownloadProgress (node_mod
ules/mongodb-memory-server-cor
e/src/util/MongoBinaryDownload
.ts:522:15)
      at 
IncomingMessage.<anonymous> (n
ode_modules/mongodb-memory-ser
ver-core/src/util/MongoBinaryD
ownload.ts:484:18)


  ΓùÅ  Cannot log after tests 
are done. Did you forget to 
wait for something async in 
your test?
    Attempted to log 
"Downloading MongoDB 
"5.0.19": 16.4% (60.7mb / 
370.7mb)[0G".

      at console.log (node_mod
ules/@jest/console/build/Buffe
redConsole.js:156:10)
      at MongoBinaryDownload.p
rintDownloadProgress (node_mod
ules/mongodb-memory-server-cor
e/src/util/MongoBinaryDownload
.ts:522:15)
      at 
IncomingMessage.<anonymous> (n
ode_modules/mongodb-memory-ser
ver-core/src/util/MongoBinaryD
ownload.ts:484:18)


  ΓùÅ  Cannot log after tests 
are done. Did you forget to 
wait for something async in 
your test?
    Attempted to log 
"Downloading MongoDB 
"5.0.19": 19.7% (73.1mb / 
370.7mb)[0G".

      at console.log (node_mod
ules/@jest/console/build/Buffe
redConsole.js:156:10)
      at MongoBinaryDownload.p
rintDownloadProgress (node_mod
ules/mongodb-memory-server-cor
e/src/util/MongoBinaryDownload
.ts:522:15)
      at 
IncomingMessage.<anonymous> (n
ode_modules/mongodb-memory-ser
ver-core/src/util/MongoBinaryD
ownload.ts:484:18)


  ΓùÅ  Cannot log after tests 
are done. Did you forget to 
wait for something async in 
your test?
    Attempted to log 
"Downloading MongoDB 
"5.0.19": 17.7% (65.6mb / 
370.7mb)[0G".

      at console.log (node_mod
ules/@jest/console/build/Buffe
redConsole.js:156:10)
      at MongoBinaryDownload.p
rintDownloadProgress (node_mod
ules/mongodb-memory-server-cor
e/src/util/MongoBinaryDownload
.ts:522:15)
      at 
IncomingMessage.<anonymous> (n
ode_modules/mongodb-memory-ser
ver-core/src/util/MongoBinaryD
ownload.ts:484:18)


  ΓùÅ  Cannot log after tests 
are done. Did you forget to 
wait for something async in 
your test?
    Attempted to log 
"Downloading MongoDB 
"5.0.19": 20.6% (76.2mb / 
370.7mb)[0G".

      at console.log (node_mod
ules/@jest/console/build/Buffe
redConsole.js:156:10)
      at MongoBinaryDownload.p
rintDownloadProgress (node_mod
ules/mongodb-memory-server-cor
e/src/util/MongoBinaryDownload
.ts:522:15)
      at 
IncomingMessage.<anonymous> (n
ode_modules/mongodb-memory-ser
ver-core/src/util/MongoBinaryD
ownload.ts:484:18)


  ΓùÅ  Cannot log after tests 
are done. Did you forget to 
wait for something async in 
your test?
    Attempted to log 
"Downloading MongoDB 
"5.0.19": 18.9% (69.9mb / 
370.7mb)[0G".

      at console.log (node_mod
ules/@jest/console/build/Buffe
redConsole.js:156:10)
      at MongoBinaryDownload.p
rintDownloadProgress (node_mod
ules/mongodb-memory-server-cor
e/src/util/MongoBinaryDownload
.ts:522:15)
      at 
IncomingMessage.<anonymous> (n
ode_modules/mongodb-memory-ser
ver-core/src/util/MongoBinaryD
ownload.ts:484:18)


  ΓùÅ  Cannot log after tests 
are done. Did you forget to 
wait for something async in 
your test?
    Attempted to log 
"Downloading MongoDB 
"5.0.19": 21.5% (79.7mb / 
370.7mb)[0G".

      at console.log (node_mod
ules/@jest/console/build/Buffe
redConsole.js:156:10)
      at MongoBinaryDownload.p
rintDownloadProgress (node_mod
ules/mongodb-memory-server-cor
e/src/util/MongoBinaryDownload
.ts:522:15)
      at 
IncomingMessage.<anonymous> (n
ode_modules/mongodb-memory-ser
ver-core/src/util/MongoBinaryD
ownload.ts:484:18)


  ΓùÅ  Cannot log after tests 
are done. Did you forget to 
wait for something async in 
your test?
    Attempted to log 
"Downloading MongoDB 
"5.0.19": 19.7% (73mb / 
370.7mb)[0G".

      at console.log (node_mod
ules/@jest/console/build/Buffe
redConsole.js:156:10)
      at MongoBinaryDownload.p
rintDownloadProgress (node_mod
ules/mongodb-memory-server-cor
e/src/util/MongoBinaryDownload
.ts:522:15)
      at 
IncomingMessage.<anonymous> (n
ode_modules/mongodb-memory-ser
ver-core/src/util/MongoBinaryD
ownload.ts:484:18)


  ΓùÅ  Cannot log after tests 
are done. Did you forget to 
wait for something async in 
your test?
    Attempted to log 
"Downloading MongoDB 
"5.0.19": 22.4% (83mb / 
370.7mb)[0G".

      at console.log (node_mod
ules/@jest/console/build/Buffe
redConsole.js:156:10)
      at MongoBinaryDownload.p
rintDownloadProgress (node_mod
ules/mongodb-memory-server-cor
e/src/util/MongoBinaryDownload
.ts:522:15)
      at 
IncomingMessage.<anonymous> (n
ode_modules/mongodb-memory-ser
ver-core/src/util/MongoBinaryD
ownload.ts:484:18)


  ΓùÅ  Cannot log after tests 
are done. Did you forget to 
wait for something async in 
your test?
    Attempted to log "Couldnt 
download "https://fastdl.mongo
db.org/windows/mongodb-windows
-x86_64-5.0.19.zip"! 
D84C0000:error:0A000119:SSL ro
utines:tls_get_more_records:de
cryption failed or bad record 
mac:openssl\ssl\record\methods
\tls_common.c:870:
    ".

      at console.error (node_m
odules/@jest/console/build/Buf
feredConsole.js:127:10)
      at RedirectableRequest.<
anonymous> (node_modules/mongo
db-memory-server-core/src/util
/MongoBinaryDownload.ts:489:19
)
      at ClientRequest.eventHa
ndlers.<computed> (node_module
s/follow-redirects/index.js:49
:24)


  ΓùÅ  Cannot log after tests 
are done. Did you forget to 
wait for something async in 
your test?
    Attempted to log 
"Starting the 
MongoMemoryServer Instance 
failed, enable debug log for 
more information. Error:
     DownloadError: Download 
failed for url "https://fastdl
.mongodb.org/windows/mongodb-w
indows-x86_64-5.0.19.zip", 
Details:
    
D84C0000:error:0A000119:SSL ro
utines:tls_get_more_records:de
cryption failed or bad record 
mac:openssl\ssl\record\methods
\tls_common.c:870:

        at RedirectableRequest
.<anonymous> (D:\socials\socia
l-media-app\server\node_module
s\mongodb-memory-server-core\s
rc\util\MongoBinaryDownload.ts
:490:18)
        at 
RedirectableRequest.emit 
(node:events:508:28)
        at ClientRequest.event
Handlers.<computed> (D:\social
s\social-media-app\server\node
_modules\follow-redirects\inde
x.js:49:24)
        at ClientRequest.emit 
(node:events:508:28)
        at emitErrorEvent 
(node:_http_client:108:11)
        at 
TLSSocket.socketErrorListener 
(node:_http_client:575:5)
        at TLSSocket.emit 
(node:events:508:28)
        at 
TLSSocket._emitTLSError 
(node:_tls_wrap:1033:10)
        at TLSWrap.onerror 
(node:_tls_wrap:474:11) {
      url: 'https://fastdl.mon
godb.org/windows/mongodb-windo
ws-x86_64-5.0.19.zip',
      msg: 
'D84C0000:error:0A000119:SSL r
outines:tls_get_more_records:d
ecryption failed or bad 
record mac:openssl\\ssl\\recor
d\\methods\\tls_common.c:870:\
n'
    }".

      at RedirectableRequest.<
anonymous> (node_modules/mongo
db-memory-server-core/src/util
/MongoBinaryDownload.ts:490:18
)
      at ClientRequest.eventHa
ndlers.<computed> (node_module
s/follow-redirects/index.js:49
:24)
      at TLSWrap.onerror 
(node:_tls_wrap:474:11) {
        url: 'https://fastdl.m
ongodb.org/windows/mongodb-win
dows-x86_64-5.0.19.zip',
        msg: 
'D84C0000:error:0A000119:SSL r
outines:tls_get_more_records:d
ecryption failed or bad 
record mac:openssl\\ssl\\recor
d\\methods\\tls_common.c:870:\
n'
      }".
      at console.warn (node_mo
dules/@jest/console/build/Buff
eredConsole.js:191:10)
      at 
MongoMemoryServer.<anonymous> 
(node_modules/mongodb-memory-s
erver-core/src/MongoMemoryServ
er.ts:293:17)
      at node_modules/tslib/ts
lib.js:170:75
      at __awaiter (node_modul
es/tslib/tslib.js:166:16)
      at node_modules/mongodb-
memory-server-core/src/MongoMe
moryServer.ts:284:68


  ΓùÅ  Cannot log after tests 
are done. Did you forget to 
wait for something async in 
your test?
    Attempted to log 
"Downloading MongoDB 
"5.0.19": 20.6% (76.5mb / 
370.7mb)[0G".

      at console.log (node_mod
ules/@jest/console/build/Buffe
redConsole.js:156:10)
      at MongoBinaryDownload.p
rintDownloadProgress (node_mod
ules/mongodb-memory-server-cor
e/src/util/MongoBinaryDownload
.ts:522:15)
      at 
IncomingMessage.<anonymous> (n
ode_modules/mongodb-memory-ser
ver-core/src/util/MongoBinaryD
ownload.ts:484:18)


  ΓùÅ  Cannot log after tests 
are done. Did you forget to 
wait for something async in 
your test?
    Attempted to log "Couldnt 
download "https://fastdl.mongo
db.org/windows/mongodb-windows
-x86_64-5.0.19.zip"! 
D84C0000:error:0A000119:SSL ro
utines:tls_get_more_records:de
cryption failed or bad record 
mac:openssl\ssl\record\methods
\tls_common.c:870:
    ".

      at console.error (node_m
odules/@jest/console/build/Buf
feredConsole.js:127:10)
      at RedirectableRequest.<
anonymous> (node_modules/mongo
db-memory-server-core/src/util
/MongoBinaryDownload.ts:489:19
)
      at ClientRequest.eventHa
ndlers.<computed> (node_module
s/follow-redirects/index.js:49
:24)


  ΓùÅ  Cannot log after tests 
are done. Did you forget to 
wait for something async in 
your test?
    Attempted to log 
"Starting the 
MongoMemoryServer Instance 
failed, enable debug log for 
more information. Error:
     DownloadError: Download 
failed for url "https://fastdl
.mongodb.org/windows/mongodb-w
indows-x86_64-5.0.19.zip", 
Details:
    
D84C0000:error:0A000119:SSL ro
utines:tls_get_more_records:de
cryption failed or bad record 
mac:openssl\ssl\record\methods
\tls_common.c:870:

        at RedirectableRequest
.<anonymous> (D:\socials\socia
l-media-app\server\node_module
s\mongodb-memory-server-core\s
rc\util\MongoBinaryDownload.ts
:490:18)
        at 
RedirectableRequest.emit 
(node:events:508:28)
        at ClientRequest.event
Handlers.<computed> (D:\social
s\social-media-app\server\node
_modules\follow-redirects\inde
x.js:49:24)
        at ClientRequest.emit 
(node:events:508:28)
        at emitErrorEvent 
(node:_http_client:108:11)
        at 
TLSSocket.socketErrorListener 
(node:_http_client:575:5)
        at TLSSocket.emit 
(node:events:508:28)
        at 
TLSSocket._emitTLSError 
(node:_tls_wrap:1033:10)
        at TLSWrap.onerror 
(node:_tls_wrap:474:11) {
      url: 'https://fastdl.mon
godb.org/windows/mongodb-windo
ws-x86_64-5.0.19.zip',
      msg: 
'D84C0000:error:0A000119:SSL r
outines:tls_get_more_records:d
ecryption failed or bad 
record mac:openssl\\ssl\\recor
d\\methods\\tls_common.c:870:\
n'
    }".

      at RedirectableRequest.<
anonymous> (node_modules/mongo
db-memory-server-core/src/util
/MongoBinaryDownload.ts:490:18
)
      at ClientRequest.eventHa
ndlers.<computed> (node_module
s/follow-redirects/index.js:49
:24)
      at TLSWrap.onerror 
(node:_tls_wrap:474:11) {
        url: 'https://fastdl.m
ongodb.org/windows/mongodb-win
dows-x86_64-5.0.19.zip',
        msg: 
'D84C0000:error:0A000119:SSL r
outines:tls_get_more_records:d
ecryption failed or bad 
record mac:openssl\\ssl\\recor
d\\methods\\tls_common.c:870:\
n'
      }".
      at console.warn (node_mo
dules/@jest/console/build/Buff
eredConsole.js:191:10)
      at 
MongoMemoryServer.<anonymous> 
(node_modules/mongodb-memory-s
erver-core/src/MongoMemoryServ
er.ts:293:17)
      at node_modules/tslib/ts
lib.js:170:75
      at __awaiter (node_modul
es/tslib/tslib.js:166:16)
      at node_modules/mongodb-
memory-server-core/src/MongoMe
moryServer.ts:284:68

